Archive member included to satisfy reference by file (symbol)

C:/ST/STM32CubeIDE_1.16.0/STM32CubeIDE/plugins/com.st.stm32cube.ide.mcu.externaltools.gnu-tools-for-stm32.12.3.rel1.win32_1.0.200.202406191623/tools/bin/../lib/gcc/arm-none-eabi/12.3.1/../../../../arm-none-eabi/lib/thumb/v7e-m+fp/hard\libc_nano.a(libc_a-exit.o)
                              C:/ST/STM32CubeIDE_1.16.0/STM32CubeIDE/plugins/com.st.stm32cube.ide.mcu.externaltools.gnu-tools-for-stm32.12.3.rel1.win32_1.0.200.202406191623/tools/bin/../lib/gcc/arm-none-eabi/12.3.1/../../../../arm-none-eabi/lib/thumb/v7e-m+fp/hard/crt0.o (exit)
C:/ST/STM32CubeIDE_1.16.0/STM32CubeIDE/plugins/com.st.stm32cube.ide.mcu.externaltools.gnu-tools-for-stm32.12.3.rel1.win32_1.0.200.202406191623/tools/bin/../lib/gcc/arm-none-eabi/12.3.1/../../../../arm-none-eabi/lib/thumb/v7e-m+fp/hard\libc_nano.a(libc_a-findfp.o)
                              C:/ST/STM32CubeIDE_1.16.0/STM32CubeIDE/plugins/com.st.stm32cube.ide.mcu.externaltools.gnu-tools-for-stm32.12.3.rel1.win32_1.0.200.202406191623/tools/bin/../lib/gcc/arm-none-eabi/12.3.1/../../../../arm-none-eabi/lib/thumb/v7e-m+fp/hard\libc_nano.a(libc_a-exit.o) (__stdio_exit_handler)
C:/ST/STM32CubeIDE_1.16.0/STM32CubeIDE/plugins/com.st.stm32cube.ide.mcu.externaltools.gnu-tools-for-stm32.12.3.rel1.win32_1.0.200.202406191623/tools/bin/../lib/gcc/arm-none-eabi/12.3.1/../../../../arm-none-eabi/lib/thumb/v7e-m+fp/hard\libc_nano.a(libc_a-fwalk.o)
                              C:/ST/STM32CubeIDE_1.16.0/STM32CubeIDE/plugins/com.st.stm32cube.ide.mcu.externaltools.gnu-tools-for-stm32.12.3.rel1.win32_1.0.200.202406191623/tools/bin/../lib/gcc/arm-none-eabi/12.3.1/../../../../arm-none-eabi/lib/thumb/v7e-m+fp/hard\libc_nano.a(libc_a-findfp.o) (_fwalk_sglue)
C:/ST/STM32CubeIDE_1.16.0/STM32CubeIDE/plugins/com.st.stm32cube.ide.mcu.externaltools.gnu-tools-for-stm32.12.3.rel1.win32_1.0.200.202406191623/tools/bin/../lib/gcc/arm-none-eabi/12.3.1/../../../../arm-none-eabi/lib/thumb/v7e-m+fp/hard\libc_nano.a(libc_a-stdio.o)
                              C:/ST/STM32CubeIDE_1.16.0/STM32CubeIDE/plugins/com.st.stm32cube.ide.mcu.externaltools.gnu-tools-for-stm32.12.3.rel1.win32_1.0.200.202406191623/tools/bin/../lib/gcc/arm-none-eabi/12.3.1/../../../../arm-none-eabi/lib/thumb/v7e-m+fp/hard\libc_nano.a(libc_a-findfp.o) (__sread)
C:/ST/STM32CubeIDE_1.16.0/STM32CubeIDE/plugins/com.st.stm32cube.ide.mcu.externaltools.gnu-tools-for-stm32.12.3.rel1.win32_1.0.200.202406191623/tools/bin/../lib/gcc/arm-none-eabi/12.3.1/../../../../arm-none-eabi/lib/thumb/v7e-m+fp/hard\libc_nano.a(libc_a-memset.o)
                              C:/ST/STM32CubeIDE_1.16.0/STM32CubeIDE/plugins/com.st.stm32cube.ide.mcu.externaltools.gnu-tools-for-stm32.12.3.rel1.win32_1.0.200.202406191623/tools/bin/../lib/gcc/arm-none-eabi/12.3.1/../../../../arm-none-eabi/lib/thumb/v7e-m+fp/hard/crt0.o (memset)
C:/ST/STM32CubeIDE_1.16.0/STM32CubeIDE/plugins/com.st.stm32cube.ide.mcu.externaltools.gnu-tools-for-stm32.12.3.rel1.win32_1.0.200.202406191623/tools/bin/../lib/gcc/arm-none-eabi/12.3.1/../../../../arm-none-eabi/lib/thumb/v7e-m+fp/hard\libc_nano.a(libc_a-strncpy.o)
                              ./Core/Src/CommandHandler.o (strncpy)
C:/ST/STM32CubeIDE_1.16.0/STM32CubeIDE/plugins/com.st.stm32cube.ide.mcu.externaltools.gnu-tools-for-stm32.12.3.rel1.win32_1.0.200.202406191623/tools/bin/../lib/gcc/arm-none-eabi/12.3.1/../../../../arm-none-eabi/lib/thumb/v7e-m+fp/hard\libc_nano.a(libc_a-closer.o)
                              C:/ST/STM32CubeIDE_1.16.0/STM32CubeIDE/plugins/com.st.stm32cube.ide.mcu.externaltools.gnu-tools-for-stm32.12.3.rel1.win32_1.0.200.202406191623/tools/bin/../lib/gcc/arm-none-eabi/12.3.1/../../../../arm-none-eabi/lib/thumb/v7e-m+fp/hard\libc_nano.a(libc_a-stdio.o) (_close_r)
C:/ST/STM32CubeIDE_1.16.0/STM32CubeIDE/plugins/com.st.stm32cube.ide.mcu.externaltools.gnu-tools-for-stm32.12.3.rel1.win32_1.0.200.202406191623/tools/bin/../lib/gcc/arm-none-eabi/12.3.1/../../../../arm-none-eabi/lib/thumb/v7e-m+fp/hard\libc_nano.a(libc_a-reent.o)
                              C:/ST/STM32CubeIDE_1.16.0/STM32CubeIDE/plugins/com.st.stm32cube.ide.mcu.externaltools.gnu-tools-for-stm32.12.3.rel1.win32_1.0.200.202406191623/tools/bin/../lib/gcc/arm-none-eabi/12.3.1/../../../../arm-none-eabi/lib/thumb/v7e-m+fp/hard\libc_nano.a(libc_a-closer.o) (errno)
C:/ST/STM32CubeIDE_1.16.0/STM32CubeIDE/plugins/com.st.stm32cube.ide.mcu.externaltools.gnu-tools-for-stm32.12.3.rel1.win32_1.0.200.202406191623/tools/bin/../lib/gcc/arm-none-eabi/12.3.1/../../../../arm-none-eabi/lib/thumb/v7e-m+fp/hard\libc_nano.a(libc_a-impure.o)
                              C:/ST/STM32CubeIDE_1.16.0/STM32CubeIDE/plugins/com.st.stm32cube.ide.mcu.externaltools.gnu-tools-for-stm32.12.3.rel1.win32_1.0.200.202406191623/tools/bin/../lib/gcc/arm-none-eabi/12.3.1/../../../../arm-none-eabi/lib/thumb/v7e-m+fp/hard\libc_nano.a(libc_a-reent.o) (_impure_ptr)
[...]
Memory Configuration

Name             Origin             Length             Attributes
RAM              0x20000000         0x00010000         xrw
RAM2             0x10000000         0x00004000         xrw
FLASH            0x08000000         0x00040000         xr
*default*        0x00000000         0xffffffff

Linker script and memory map

LOAD C:/ST/STM32CubeIDE_1.16.0/STM32CubeIDE/plugins/com.st.stm32cube.ide.mcu.externaltools.gnu-tools-for-stm32.12.3.rel1.win32_1.0.200.202406191623/tools/bin/../lib/gcc/arm-none-eabi/12.3.1/thumb/v7e-m+fp/hard/crti.o
LOAD C:/ST/STM32CubeIDE_1.16.0/STM32CubeIDE/plugins/com.st.stm32cube.ide.mcu.externaltools.gnu-tools-for-stm32.12.3.rel1.win32_1.0.200.202406191623/tools/bin/../lib/gcc/arm-none-eabi/12.3.1/thumb/v7e-m+fp/hard/crtbegin.o
LOAD C:/ST/STM32CubeIDE_1.16.0/STM32CubeIDE/plugins/com.st.stm32cube.ide.mcu.externaltools.gnu-tools-for-stm32.12.3.rel1.win32_1.0.200.202406191623/tools/bin/../lib/gcc/arm-none-eabi/12.3.1/../../../../arm-none-eabi/lib/thumb/v7e-m+fp/hard/crt0.o
LOAD ./Core/Src/CommandHandler.o
LOAD ./Core/Src/CommandsConfig.o
LOAD ./Core/Src/CommandsRobot.o
LOAD ./Core/Src/CommandsUtils.o
LOAD ./Core/Src/Motors.o
LOAD ./Core/Src/dma.o
LOAD ./Core/Src/gpio.o
LOAD ./Core/Src/main.o
LOAD ./Core/Src/stm32l4xx_hal_msp.o
LOAD ./Core/Src/stm32l4xx_it.o
LOAD ./Core/Src/syscalls.o
LOAD ./Core/Src/sysmem.o
LOAD ./Core/Src/system_stm32l4xx.o
LOAD ./Core/Src/tim.o
LOAD ./Core/Src/usart.o
LOAD ./Core/Startup/startup_stm32l432kcux.o
LOAD ./Drivers/STM32L4xx_HAL_Driver/Src/stm32l4xx_hal.o
LOAD ./Drivers/STM32L4xx_HAL_Driver/Src/stm32l4xx_hal_cortex.o
LOAD ./Drivers/STM32L4xx_HAL_Driver/Src/stm32l4xx_hal_dma.o
LOAD ./Drivers/STM32L4xx_HAL_Driver/Src/stm32l4xx_hal_dma_ex.o
LOAD ./Drivers/STM32L4xx_HAL_Driver/Src/stm32l4xx_hal_exti.o
LOAD ./Drivers/STM32L4xx_HAL_Driver/Src/stm32l4xx_hal_flash.o
LOAD ./Drivers/STM32L4xx_HAL_Driver/Src/stm32l4xx_hal_flash_ex.o
LOAD ./Drivers/STM32L4xx_HAL_Driver/Src/stm32l4xx_hal_flash_ramfunc.o
LOAD ./Drivers/STM32L4xx_HAL_Driver/Src/stm32l4xx_hal_gpio.o
LOAD ./Drivers/STM32L4xx_HAL_Driver/Src/stm32l4xx_hal_i2c.o
LOAD ./Drivers/STM32L4xx_HAL_Driver/Src/stm32l4xx_hal_i2c_ex.o
LOAD ./Drivers/STM32L4xx_HAL_Driver/Src/stm32l4xx_hal_pwr.o
LOAD ./Drivers/STM32L4xx_HAL_Driver/Src/stm32l4xx_hal_pwr_ex.o
LOAD ./Drivers/STM32L4xx_HAL_Driver/Src/stm32l4xx_hal_rcc.o
LOAD ./Drivers/STM32L4xx_HAL_Driver/Src/stm32l4xx_hal_rcc_ex.o
LOAD ./Drivers/STM32L4xx_HAL_Driver/Src/stm32l4xx_hal_tim.o
LOAD ./Drivers/STM32L4xx_HAL_Driver/Src/stm32l4xx_hal_tim_ex.o
LOAD ./Drivers/STM32L4xx_HAL_Driver/Src/stm32l4xx_hal_uart.o
LOAD ./Drivers/STM32L4xx_HAL_Driver/Src/stm32l4xx_hal_uart_ex.o
START GROUP
LOAD C:/ST/STM32CubeIDE_1.16.0/STM32CubeIDE/plugins/com.st.stm32cube.ide.mcu.externaltools.gnu-tools-for-stm32.12.3.rel1.win32_1.0.200.202406191623/tools/bin/../lib/gcc/arm-none-eabi/12.3.1/../../../../arm-none-eabi/lib/thumb/v7e-m+fp/hard\libc_nano.a
LOAD C:/ST/STM32CubeIDE_1.16.0/STM32CubeIDE/plugins/com.st.stm32cube.ide.mcu.externaltools.gnu-tools-for-stm32.12.3.rel1.win32_1.0.200.202406191623/tools/bin/../lib/gcc/arm-none-eabi/12.3.1/../../../../arm-none-eabi/lib/thumb/v7e-m+fp/hard\libm.a
END GROUP
START GROUP
LOAD C:/ST/STM32CubeIDE_1.16.0/STM32CubeIDE/plugins/com.st.stm32cube.ide.mcu.externaltools.gnu-tools-for-stm32.12.3.rel1.win32_1.0.200.202406191623/tools/bin/../lib/gcc/arm-none-eabi/12.3.1/thumb/v7e-m+fp/hard\libgcc.a
LOAD C:/ST/STM32CubeIDE_1.16.0/STM32CubeIDE/plugins/com.st.stm32cube.ide.mcu.externaltools.gnu-tools-for-stm32.12.3.rel1.win32_1.0.200.202406191623/tools/bin/../lib/gcc/arm-none-eabi/12.3.1/../../../../arm-none-eabi/lib/thumb/v7e-m+fp/hard\libc_nano.a
END GROUP
START GROUP
LOAD C:/ST/STM32CubeIDE_1.16.0/STM32CubeIDE/plugins/com.st.stm32cube.ide.mcu.externaltools.gnu-tools-for-stm32.12.3.rel1.win32_1.0.200.202406191623/tools/bin/../lib/gcc/arm-none-eabi/12.3.1/thumb/v7e-m+fp/hard\libgcc.a
LOAD C:/ST/STM32CubeIDE_1.16.0/STM32CubeIDE/plugins/com.st.stm32cube.ide.mcu.externaltools.gnu-tools-for-stm32.12.3.rel1.win32_1.0.200.202406191623/tools/bin/../lib/gcc/arm-none-eabi/12.3.1/../../../../arm-none-eabi/lib/thumb/v7e-m+fp/hard\libc_nano.a
LOAD C:/ST/STM32CubeIDE_1.16.0/STM32CubeIDE/plugins/com.st.stm32cube.ide.mcu.externaltools.gnu-tools-for-stm32.12.3.rel1.win32_1.0.200.202406191623/tools/bin/../lib/gcc/arm-none-eabi/12.3.1/../../../../arm-none-eabi/lib/thumb/v7e-m+fp/hard\libnosys.a
END GROUP
START GROUP
LOAD C:/ST/STM32CubeIDE_1.16.0/STM32CubeIDE/plugins/com.st.stm32cube.ide.mcu.externaltools.gnu-tools-for-stm32.12.3.rel1.win32_1.0.200.202406191623/tools/bin/../lib/gcc/arm-none-eabi/12.3.1/thumb/v7e-m+fp/hard\libgcc.a
LOAD C:/ST/STM32CubeIDE_1.16.0/STM32CubeIDE/plugins/com.st.stm32cube.ide.mcu.externaltools.gnu-tools-for-stm32.12.3.rel1.win32_1.0.200.202406191623/tools/bin/../lib/gcc/arm-none-eabi/12.3.1/../../../../arm-none-eabi/lib/thumb/v7e-m+fp/hard\libc_nano.a
LOAD C:/ST/STM32CubeIDE_1.16.0/STM32CubeIDE/plugins/com.st.stm32cube.ide.mcu.externaltools.gnu-tools-for-stm32.12.3.rel1.win32_1.0.200.202406191623/tools/bin/../lib/gcc/arm-none-eabi/12.3.1/../../../../arm-none-eabi/lib/thumb/v7e-m+fp/hard\libnosys.a
END GROUP
LOAD C:/ST/STM32CubeIDE_1.16.0/STM32CubeIDE/plugins/com.st.stm32cube.ide.mcu.externaltools.gnu-tools-for-stm32.12.3.rel1.win32_1.0.200.202406191623/tools/bin/../lib/gcc/arm-none-eabi/12.3.1/thumb/v7e-m+fp/hard/crtend.o
LOAD C:/ST/STM32CubeIDE_1.16.0/STM32CubeIDE/plugins/com.st.stm32cube.ide.mcu.externaltools.gnu-tools-for-stm32.12.3.rel1.win32_1.0.200.202406191623/tools/bin/../lib/gcc/arm-none-eabi/12.3.1/thumb/v7e-m+fp/hard/crtn.o
                0x20010000                        _estack = (ORIGIN (RAM) + LENGTH (RAM))
                0x00000200                        _Min_Heap_Size = 0x200
                0x00000400                        _Min_Stack_Size = 0x400

.isr_vector     0x08000000      0x18c
                0x08000000                        . = ALIGN (0x4)
 *(.isr_vector)
 .isr_vector    0x08000000      0x18c ./Core/Startup/startup_stm32l432kcux.o
                0x08000000                g_pfnVectors
                0x0800018c                        . = ALIGN (0x4)

.text           0x0800018c     0x5488
                0x0800018c                        . = ALIGN (0x4)
 *(.text)
 .text          0x0800018c       0x40 C:/ST/STM32CubeIDE_1.16.0/STM32CubeIDE/plugins/com.st.stm32cube.ide.mcu.externaltools.gnu-tools-for-stm32.12.3.rel1.win32_1.0.200.202406191623/tools/bin/../lib/gcc/arm-none-eabi/12.3.1/thumb/v7e-m+fp/hard/crtbegin.o
 .text          0x080001cc       0x14 C:/ST/STM32CubeIDE_1.16.0/STM32CubeIDE/plugins/com.st.stm32cube.ide.mcu.externaltools.gnu-tools-for-stm32.12.3.rel1.win32_1.0.200.202406191623/tools/bin/../lib/gcc/arm-none-eabi/12.3.1/../../../../arm-none-eabi/lib/thumb/v7e-m+fp/hard\libc_nano.a(libc_a-strcmp.o)
                0x080001cc                strcmp
 .text          0x080001e0       0x10 C:/ST/STM32CubeIDE_1.16.0/STM32CubeIDE/plugins/com.st.stm32cube.ide.mcu.externaltools.gnu-tools-for-stm32.12.3.rel1.win32_1.0.200.202406191623/tools/bin/../lib/gcc/arm-none-eabi/12.3.1/../../../../arm-none-eabi/lib/thumb/v7e-m+fp/hard\libc_nano.a(libc_a-strlen.o)
                0x080001e0                strlen
 .text          0x080001f0       0x30 C:/ST/STM32CubeIDE_1.16.0/STM32CubeIDE/plugins/com.st.stm32cube.ide.mcu.externaltools.gnu-tools-for-stm32.12.3.rel1.win32_1.0.200.202406191623/tools/bin/../lib/gcc/arm-none-eabi/12.3.1/thumb/v7e-m+fp/hard\libgcc.a(_aeabi_uldivmod.o)
                0x080001f0                __aeabi_uldivmod
 .text          0x08000220      0x2bc C:/ST/STM32CubeIDE_1.16.0/STM32CubeIDE/plugins/com.st.stm32cube.ide.mcu.externaltools.gnu-tools-for-stm32.12.3.rel1.win32_1.0.200.202406191623/tools/bin/../lib/gcc/arm-none-eabi/12.3.1/thumb/v7e-m+fp/hard\libgcc.a(_udivmoddi4.o)
                0x08000220                __udivmoddi4
 .text          0x080004dc        0x4 C:/ST/STM32CubeIDE_1.16.0/STM32CubeIDE/plugins/com.st.stm32cube.ide.mcu.externaltools.gnu-tools-for-stm32.12.3.rel1.win32_1.0.200.202406191623/tools/bin/../lib/gcc/arm-none-eabi/12.3.1/thumb/v7e-m+fp/hard\libgcc.a(_dvmd_tls.o)
                0x080004dc                __aeabi_idiv0
                0x080004dc                __aeabi_ldiv0
 *(.text*)
 .text.local_getCharIndex
                0x080004e0       0x5c ./Core/Src/CommandHandler.o
                0x080004e0                local_getCharIndex
 .text.Commands_RxCallback
                0x0800053c       0xac ./Core/Src/CommandHandler.o
                0x0800053c                Commands_RxCallback
 .text.Commands_executeCurrent
                0x080005e8       0x50 ./Core/Src/CommandHandler.o
                0x080005e8                Commands_executeCurrent
 .text.Commands_parseIntoCurrent
                0x08000638       0xec ./Core/Src/CommandHandler.o
                0x08000638                Commands_parseIntoCurrent
 .text.local_stringToTeamEnum
                0x08000724       0x64 ./Core/Src/CommandsConfig.o
                0x08000724                local_stringToTeamEnum
 .text.local_teamEnumToString
                0x08000788       0x38 ./Core/Src/CommandsConfig.o
                0x08000788                local_teamEnumToString
 .text.local_stringToStrategyEnum
                0x080007c0       0x64 ./Core/Src/CommandsConfig.o
                0x080007c0                local_stringToStrategyEnum
 .text.local_strategyEnumToString
                0x08000824       0x38 ./Core/Src/CommandsConfig.o
                0x08000824                local_strategyEnumToString
 .text.Config_get
                0x0800085c       0x6c ./Core/Src/CommandsConfig.o
                0x0800085c                Config_get
 .text.Config_set
                0x080008c8       0x88 ./Core/Src/CommandsConfig.o
                0x080008c8                Config_set
 .text.Config_handleCommand
                0x08000950       0x84 ./Core/Src/CommandsConfig.o
                0x08000950                Config_handleCommand
 .text.Utils_initEmptyCommand
                0x080009d4       0x56 ./Core/Src/CommandsUtils.o
                0x080009d4                Utils_initEmptyCommand
 .text.Utils_setCommandPartByIndex
                0x08000a2a       0x86 ./Core/Src/CommandsUtils.o
                0x08000a2a                Utils_setCommandPartByIndex
 .text.Utils_printToUart2
                0x08000ab0       0x28 ./Core/Src/CommandsUtils.o
                0x08000ab0                Utils_printToUart2
 .text.Utils_printCommandError
                0x08000ad8       0x9c ./Core/Src/CommandsUtils.o
                0x08000ad8                Utils_printCommandError
 .text.Motors_Init
                0x08000b74       0x7c ./Core/Src/Motors.o
                0x08000b74                Motors_Init
 .text.Motors_SetSpeedSingle
                0x08000bf0       0x94 ./Core/Src/Motors.o
                0x08000bf0                Motors_SetSpeedSingle
 .text.Motors_SetSpeedAll
                0x08000c84       0x44 ./Core/Src/Motors.o
                0x08000c84                Motors_SetSpeedAll
 .text.Motors_Update
                0x08000cc8       0xf0 ./Core/Src/Motors.o
                0x08000cc8                Motors_Update
 .text.Motors_TimerITCallback
                0x08000db8       0x64 ./Core/Src/Motors.o
                0x08000db8                Motors_TimerITCallback
 .text.MX_DMA_Init
                0x08000e1c       0x3c ./Core/Src/dma.o
                0x08000e1c                MX_DMA_Init
 .text.MX_GPIO_Init
                0x08000e58      0x12c ./Core/Src/gpio.o
                0x08000e58                MX_GPIO_Init
 .text.main     0x08000f84       0x74 ./Core/Src/main.o
                0x08000f84                main
 .text.SystemClock_Config
                0x08000ff8       0xa2 ./Core/Src/main.o
                0x08000ff8                SystemClock_Config
 .text.HAL_TIM_PeriodElapsedCallback
                0x0800109a       0x16 ./Core/Src/main.o
                0x0800109a                HAL_TIM_PeriodElapsedCallback
 .text.HAL_UART_RxCpltCallback
                0x080010b0       0x24 ./Core/Src/main.o
                0x080010b0                HAL_UART_RxCpltCallback
 .text.Error_Handler
                0x080010d4        0xc ./Core/Src/main.o
                0x080010d4                Error_Handler
 .text.HAL_MspInit
                0x080010e0       0x48 ./Core/Src/stm32l4xx_hal_msp.o
                0x080010e0                HAL_MspInit
 .text.NMI_Handler
                0x08001128        0x8 ./Core/Src/stm32l4xx_it.o
                0x08001128                NMI_Handler
 .text.HardFault_Handler
                0x08001130        0x8 ./Core/Src/stm32l4xx_it.o
                0x08001130                HardFault_Handler
 .text.MemManage_Handler
                0x08001138        0x8 ./Core/Src/stm32l4xx_it.o
                0x08001138                MemManage_Handler
 .text.BusFault_Handler
                0x08001140        0x8 ./Core/Src/stm32l4xx_it.o
                0x08001140                BusFault_Handler
 .text.UsageFault_Handler
                0x08001148        0x8 ./Core/Src/stm32l4xx_it.o
                0x08001148                UsageFault_Handler
 .text.SVC_Handler
                0x08001150        0xe ./Core/Src/stm32l4xx_it.o
                0x08001150                SVC_Handler
 .text.DebugMon_Handler
                0x0800115e        0xe ./Core/Src/stm32l4xx_it.o
                0x0800115e                DebugMon_Handler
 .text.PendSV_Handler
                0x0800116c        0xe ./Core/Src/stm32l4xx_it.o
                0x0800116c                PendSV_Handler
 .text.SysTick_Handler
                0x0800117a        0xc ./Core/Src/stm32l4xx_it.o
                0x0800117a                SysTick_Handler
 *fill*         0x08001186        0x2 
 .text.DMA1_Channel7_IRQHandler
                0x08001188       0x14 ./Core/Src/stm32l4xx_it.o
                0x08001188                DMA1_Channel7_IRQHandler
 .text.TIM2_IRQHandler
                0x0800119c       0x14 ./Core/Src/stm32l4xx_it.o
                0x0800119c                TIM2_IRQHandler
 .text.USART2_IRQHandler
                0x080011b0       0x14 ./Core/Src/stm32l4xx_it.o
                0x080011b0                USART2_IRQHandler
 .text.TIM6_DAC_IRQHandler
                0x080011c4       0x14 ./Core/Src/stm32l4xx_it.o
                0x080011c4                TIM6_DAC_IRQHandler
 .text.TIM7_IRQHandler
                0x080011d8       0x14 ./Core/Src/stm32l4xx_it.o
                0x080011d8                TIM7_IRQHandler
 .text.SystemInit
                0x080011ec       0x24 ./Core/Src/system_stm32l4xx.o
                0x080011ec                SystemInit
 .text.MX_TIM2_Init
                0x08001210       0x9c ./Core/Src/tim.o
                0x08001210                MX_TIM2_Init
 .text.MX_TIM6_Init
                0x080012ac       0x6c ./Core/Src/tim.o
                0x080012ac                MX_TIM6_Init
 .text.MX_TIM7_Init
                0x08001318       0x6c ./Core/Src/tim.o
                0x08001318                MX_TIM7_Init
 .text.HAL_TIM_Base_MspInit
                0x08001384       0xb8 ./Core/Src/tim.o
                0x08001384                HAL_TIM_Base_MspInit
 .text.MX_USART2_UART_Init
                0x0800143c       0x60 ./Core/Src/usart.o
                0x0800143c                MX_USART2_UART_Init
 .text.HAL_UART_MspInit
                0x0800149c      0x140 ./Core/Src/usart.o
                0x0800149c                HAL_UART_MspInit
 .text.Reset_Handler
                0x080015dc       0x50 ./Core/Startup/startup_stm32l432kcux.o
                0x080015dc                Reset_Handler
 .text.Default_Handler
                0x0800162c        0x2 ./Core/Startup/startup_stm32l432kcux.o
                0x0800162c                RTC_Alarm_IRQHandler
                0x0800162c                EXTI2_IRQHandler
                0x0800162c                TIM1_CC_IRQHandler
                0x0800162c                TSC_IRQHandler
                0x0800162c                TAMP_STAMP_IRQHandler
                0x0800162c                EXTI3_IRQHandler
                0x0800162c                LPTIM2_IRQHandler
                0x0800162c                I2C3_ER_IRQHandler
                0x0800162c                EXTI0_IRQHandler
                0x0800162c                CAN1_RX0_IRQHandler
                0x0800162c                FPU_IRQHandler
                0x0800162c                TIM1_UP_TIM16_IRQHandler
                0x0800162c                SPI1_IRQHandler
                0x0800162c                DMA2_Channel2_IRQHandler
                0x0800162c                DMA1_Channel4_IRQHandler
                0x0800162c                ADC1_IRQHandler
                0x0800162c                CAN1_RX1_IRQHandler
                0x0800162c                DMA2_Channel1_IRQHandler
                0x0800162c                QUADSPI_IRQHandler
                0x0800162c                I2C1_EV_IRQHandler
                0x0800162c                DMA1_Channel6_IRQHandler
                0x0800162c                DMA2_Channel4_IRQHandler
                0x0800162c                RCC_IRQHandler
                0x0800162c                TIM1_TRG_COM_IRQHandler
                0x0800162c                DMA1_Channel1_IRQHandler
                0x0800162c                Default_Handler
                0x0800162c                DMA2_Channel7_IRQHandler
                0x0800162c                EXTI15_10_IRQHandler
                0x0800162c                I2C3_EV_IRQHandler
                0x0800162c                USB_IRQHandler
                0x0800162c                EXTI9_5_IRQHandler
                0x0800162c                RTC_WKUP_IRQHandler
                0x0800162c                PVD_PVM_IRQHandler
                0x0800162c                CAN1_TX_IRQHandler
                0x0800162c                DMA2_Channel5_IRQHandler
                0x0800162c                CRS_IRQHandler
                0x0800162c                DMA1_Channel5_IRQHandler
                0x0800162c                EXTI4_IRQHandler
                0x0800162c                RNG_IRQHandler
                0x0800162c                DMA1_Channel3_IRQHandler
                0x0800162c                COMP_IRQHandler
                0x0800162c                WWDG_IRQHandler
                0x0800162c                LPUART1_IRQHandler
                0x0800162c                DMA2_Channel6_IRQHandler
                0x0800162c                EXTI1_IRQHandler
                0x0800162c                DMA1_Channel2_IRQHandler
                0x0800162c                CAN1_SCE_IRQHandler
                0x0800162c                FLASH_IRQHandler
                0x0800162c                USART1_IRQHandler
                0x0800162c                SPI3_IRQHandler
                0x0800162c                I2C1_ER_IRQHandler
                0x0800162c                SWPMI1_IRQHandler
                0x0800162c                LPTIM1_IRQHandler
                0x0800162c                SAI1_IRQHandler
                0x0800162c                DMA2_Channel3_IRQHandler
                0x0800162c                TIM1_BRK_TIM15_IRQHandler
 .text.HAL_Init
                0x0800162e       0x30 ./Drivers/STM32L4xx_HAL_Driver/Src/stm32l4xx_hal.o
                0x0800162e                HAL_Init
 *fill*         0x0800165e        0x2 
 .text.HAL_InitTick
                0x08001660       0x78 ./Drivers/STM32L4xx_HAL_Driver/Src/stm32l4xx_hal.o
                0x08001660                HAL_InitTick
 .text.HAL_IncTick
                0x080016d8       0x28 ./Drivers/STM32L4xx_HAL_Driver/Src/stm32l4xx_hal.o
                0x080016d8                HAL_IncTick
 .text.HAL_GetTick
                0x08001700       0x18 ./Drivers/STM32L4xx_HAL_Driver/Src/stm32l4xx_hal.o
                0x08001700                HAL_GetTick
 .text.__NVIC_SetPriorityGrouping
                0x08001718       0x48 ./Drivers/STM32L4xx_HAL_Driver/Src/stm32l4xx_hal_cortex.o
 .text.__NVIC_GetPriorityGrouping
                0x08001760       0x1c ./Drivers/STM32L4xx_HAL_Driver/Src/stm32l4xx_hal_cortex.o
 .text.__NVIC_EnableIRQ
                0x0800177c       0x3c ./Drivers/STM32L4xx_HAL_Driver/Src/stm32l4xx_hal_cortex.o
 .text.__NVIC_SetPriority
                0x080017b8       0x54 ./Drivers/STM32L4xx_HAL_Driver/Src/stm32l4xx_hal_cortex.o
 .text.NVIC_EncodePriority
                0x0800180c       0x66 ./Drivers/STM32L4xx_HAL_Driver/Src/stm32l4xx_hal_cortex.o
 *fill*         0x08001872        0x2 
 .text.SysTick_Config
                0x08001874       0x44 ./Drivers/STM32L4xx_HAL_Driver/Src/stm32l4xx_hal_cortex.o
 .text.HAL_NVIC_SetPriorityGrouping
                0x080018b8       0x16 ./Drivers/STM32L4xx_HAL_Driver/Src/stm32l4xx_hal_cortex.o
                0x080018b8                HAL_NVIC_SetPriorityGrouping
 .text.HAL_NVIC_SetPriority
                0x080018ce       0x38 ./Drivers/STM32L4xx_HAL_Driver/Src/stm32l4xx_hal_cortex.o
                0x080018ce                HAL_NVIC_SetPriority
 .text.HAL_NVIC_EnableIRQ
                0x08001906       0x1c ./Drivers/STM32L4xx_HAL_Driver/Src/stm32l4xx_hal_cortex.o
                0x08001906                HAL_NVIC_EnableIRQ
 .text.HAL_SYSTICK_Config
                0x08001922       0x18 ./Drivers/STM32L4xx_HAL_Driver/Src/stm32l4xx_hal_cortex.o
                0x08001922                HAL_SYSTICK_Config
 *fill*         0x0800193a        0x2 
 .text.HAL_DMA_Init
                0x0800193c      0x170 ./Drivers/STM32L4xx_HAL_Driver/Src/stm32l4xx_hal_dma.o
                0x0800193c                HAL_DMA_Init
 .text.HAL_DMA_Start_IT
                0x08001aac       0xc0 ./Drivers/STM32L4xx_HAL_Driver/Src/stm32l4xx_hal_dma.o
                0x08001aac                HAL_DMA_Start_IT
 .text.HAL_DMA_Abort
                0x08001b6c       0x7c ./Drivers/STM32L4xx_HAL_Driver/Src/stm32l4xx_hal_dma.o
                0x08001b6c                HAL_DMA_Abort
 .text.HAL_DMA_Abort_IT
                0x08001be8       0x82 ./Drivers/STM32L4xx_HAL_Driver/Src/stm32l4xx_hal_dma.o
                0x08001be8                HAL_DMA_Abort_IT
 .text.HAL_DMA_IRQHandler
                0x08001c6a      0x15e ./Drivers/STM32L4xx_HAL_Driver/Src/stm32l4xx_hal_dma.o
                0x08001c6a                HAL_DMA_IRQHandler
 .text.DMA_SetConfig
                0x08001dc8       0x60 ./Drivers/STM32L4xx_HAL_Driver/Src/stm32l4xx_hal_dma.o
 .text.HAL_GPIO_Init
                0x08001e28      0x2d4 ./Drivers/STM32L4xx_HAL_Driver/Src/stm32l4xx_hal_gpio.o
                0x08001e28                HAL_GPIO_Init
 .text.HAL_GPIO_WritePin
                0x080020fc       0x30 ./Drivers/STM32L4xx_HAL_Driver/Src/stm32l4xx_hal_gpio.o
                0x080020fc                HAL_GPIO_WritePin
 .text.HAL_GPIO_TogglePin
                0x0800212c       0x34 ./Drivers/STM32L4xx_HAL_Driver/Src/stm32l4xx_hal_gpio.o
                0x0800212c                HAL_GPIO_TogglePin
 .text.HAL_PWREx_GetVoltageRange
                0x08002160       0x1c ./Drivers/STM32L4xx_HAL_Driver/Src/stm32l4xx_hal_pwr_ex.o
                0x08002160                HAL_PWREx_GetVoltageRange
 .text.HAL_PWREx_ControlVoltageScaling
                0x0800217c       0xac ./Drivers/STM32L4xx_HAL_Driver/Src/stm32l4xx_hal_pwr_ex.o
                0x0800217c                HAL_PWREx_ControlVoltageScaling
 .text.HAL_RCC_OscConfig
                0x08002228      0x828 ./Drivers/STM32L4xx_HAL_Driver/Src/stm32l4xx_hal_rcc.o
                0x08002228                HAL_RCC_OscConfig
 .text.HAL_RCC_ClockConfig
                0x08002a50      0x200 ./Drivers/STM32L4xx_HAL_Driver/Src/stm32l4xx_hal_rcc.o
                0x08002a50                HAL_RCC_ClockConfig
 .text.HAL_RCC_GetSysClockFreq
                0x08002c50      0x118 ./Drivers/STM32L4xx_HAL_Driver/Src/stm32l4xx_hal_rcc.o
                0x08002c50                HAL_RCC_GetSysClockFreq
 .text.HAL_RCC_GetHCLKFreq
                0x08002d68       0x18 ./Drivers/STM32L4xx_HAL_Driver/Src/stm32l4xx_hal_rcc.o
                0x08002d68                HAL_RCC_GetHCLKFreq
 .text.HAL_RCC_GetPCLK1Freq
                0x08002d80       0x2c ./Drivers/STM32L4xx_HAL_Driver/Src/stm32l4xx_hal_rcc.o
                0x08002d80                HAL_RCC_GetPCLK1Freq
 .text.HAL_RCC_GetPCLK2Freq
                0x08002dac       0x2c ./Drivers/STM32L4xx_HAL_Driver/Src/stm32l4xx_hal_rcc.o
                0x08002dac                HAL_RCC_GetPCLK2Freq
 .text.RCC_SetFlashLatencyFromMSIRange
                0x08002dd8       0xc0 ./Drivers/STM32L4xx_HAL_Driver/Src/stm32l4xx_hal_rcc.o
 .text.HAL_RCCEx_PeriphCLKConfig
                0x08002e98      0x3ec ./Drivers/STM32L4xx_HAL_Driver/Src/stm32l4xx_hal_rcc_ex.o
                0x08002e98                HAL_RCCEx_PeriphCLKConfig
 .text.RCCEx_PLLSAI1_Config
                0x08003284      0x1e4 ./Drivers/STM32L4xx_HAL_Driver/Src/stm32l4xx_hal_rcc_ex.o
 .text.HAL_TIM_Base_Init
                0x08003468       0xae ./Drivers/STM32L4xx_HAL_Driver/Src/stm32l4xx_hal_tim.o
                0x08003468                HAL_TIM_Base_Init
 *fill*         0x08003516        0x2 
 .text.HAL_TIM_Base_Start_IT
                0x08003518       0xa8 ./Drivers/STM32L4xx_HAL_Driver/Src/stm32l4xx_hal_tim.o
                0x08003518                HAL_TIM_Base_Start_IT
 .text.HAL_TIM_Base_Stop_IT
                0x080035c0       0x5e ./Drivers/STM32L4xx_HAL_Driver/Src/stm32l4xx_hal_tim.o
                0x080035c0                HAL_TIM_Base_Stop_IT
 .text.HAL_TIM_IRQHandler
                0x0800361e      0x20e ./Drivers/STM32L4xx_HAL_Driver/Src/stm32l4xx_hal_tim.o
                0x0800361e                HAL_TIM_IRQHandler
 .text.HAL_TIM_ConfigClockSource
                0x0800382c      0x192 ./Drivers/STM32L4xx_HAL_Driver/Src/stm32l4xx_hal_tim.o
                0x0800382c                HAL_TIM_ConfigClockSource
 .text.HAL_TIM_OC_DelayElapsedCallback
                0x080039be       0x14 ./Drivers/STM32L4xx_HAL_Driver/Src/stm32l4xx_hal_tim.o
                0x080039be                HAL_TIM_OC_DelayElapsedCallback
 .text.HAL_TIM_IC_CaptureCallback
                0x080039d2       0x14 ./Drivers/STM32L4xx_HAL_Driver/Src/stm32l4xx_hal_tim.o
                0x080039d2                HAL_TIM_IC_CaptureCallback
 .text.HAL_TIM_PWM_PulseFinishedCallback
                0x080039e6       0x14 ./Drivers/STM32L4xx_HAL_Driver/Src/stm32l4xx_hal_tim.o
                0x080039e6                HAL_TIM_PWM_PulseFinishedCallback
 .text.HAL_TIM_TriggerCallback
                0x080039fa       0x14 ./Drivers/STM32L4xx_HAL_Driver/Src/stm32l4xx_hal_tim.o
                0x080039fa                HAL_TIM_TriggerCallback
 *fill*         0x08003a0e        0x2 
 .text.TIM_Base_SetConfig
                0x08003a10       0xe0 ./Drivers/STM32L4xx_HAL_Driver/Src/stm32l4xx_hal_tim.o
                0x08003a10                TIM_Base_SetConfig
 .text.TIM_TI1_ConfigInputStage
                0x08003af0       0x5e ./Drivers/STM32L4xx_HAL_Driver/Src/stm32l4xx_hal_tim.o
 .text.TIM_TI2_ConfigInputStage
                0x08003b4e       0x60 ./Drivers/STM32L4xx_HAL_Driver/Src/stm32l4xx_hal_tim.o
 .text.TIM_ITRx_SetConfig
                0x08003bae       0x36 ./Drivers/STM32L4xx_HAL_Driver/Src/stm32l4xx_hal_tim.o
 .text.TIM_ETR_SetConfig
                0x08003be4       0x40 ./Drivers/STM32L4xx_HAL_Driver/Src/stm32l4xx_hal_tim.o
                0x08003be4                TIM_ETR_SetConfig
 .text.HAL_TIMEx_MasterConfigSynchronization
                0x08003c24       0xcc ./Drivers/STM32L4xx_HAL_Driver/Src/stm32l4xx_hal_tim_ex.o
                0x08003c24                HAL_TIMEx_MasterConfigSynchronization
 .text.HAL_TIMEx_CommutCallback
                0x08003cf0       0x14 ./Drivers/STM32L4xx_HAL_Driver/Src/stm32l4xx_hal_tim_ex.o
                0x08003cf0                HAL_TIMEx_CommutCallback
 .text.HAL_TIMEx_BreakCallback
                0x08003d04       0x14 ./Drivers/STM32L4xx_HAL_Driver/Src/stm32l4xx_hal_tim_ex.o
                0x08003d04                HAL_TIMEx_BreakCallback
 .text.HAL_TIMEx_Break2Callback
                0x08003d18       0x14 ./Drivers/STM32L4xx_HAL_Driver/Src/stm32l4xx_hal_tim_ex.o
                0x08003d18                HAL_TIMEx_Break2Callback
 .text.HAL_UART_Init
                0x08003d2c       0x9c ./Drivers/STM32L4xx_HAL_Driver/Src/stm32l4xx_hal_uart.o
                0x08003d2c                HAL_UART_Init
 .text.HAL_UART_Receive_IT
                0x08003dc8       0x98 ./Drivers/STM32L4xx_HAL_Driver/Src/stm32l4xx_hal_uart.o
                0x08003dc8                HAL_UART_Receive_IT
 .text.HAL_UART_Transmit_DMA
                0x08003e60       0xf8 ./Drivers/STM32L4xx_HAL_Driver/Src/stm32l4xx_hal_uart.o
                0x08003e60                HAL_UART_Transmit_DMA
 .text.HAL_UART_IRQHandler
                0x08003f58      0x60c ./Drivers/STM32L4xx_HAL_Driver/Src/stm32l4xx_hal_uart.o
                0x08003f58                HAL_UART_IRQHandler
 .text.HAL_UART_TxCpltCallback
                0x08004564       0x14 ./Drivers/STM32L4xx_HAL_Driver/Src/stm32l4xx_hal_uart.o
                0x08004564                HAL_UART_TxCpltCallback
 .text.HAL_UART_TxHalfCpltCallback
                0x08004578       0x14 ./Drivers/STM32L4xx_HAL_Driver/Src/stm32l4xx_hal_uart.o
                0x08004578                HAL_UART_TxHalfCpltCallback
 .text.HAL_UART_ErrorCallback
                0x0800458c       0x14 ./Drivers/STM32L4xx_HAL_Driver/Src/stm32l4xx_hal_uart.o
                0x0800458c                HAL_UART_ErrorCallback
 .text.HAL_UARTEx_RxEventCallback
                0x080045a0       0x18 ./Drivers/STM32L4xx_HAL_Driver/Src/stm32l4xx_hal_uart.o
                0x080045a0                HAL_UARTEx_RxEventCallback
 .text.UART_SetConfig
                0x080045b8      0x458 ./Drivers/STM32L4xx_HAL_Driver/Src/stm32l4xx_hal_uart.o
                0x080045b8                UART_SetConfig
 .text.UART_AdvFeatureConfig
                0x08004a10      0x144 ./Drivers/STM32L4xx_HAL_Driver/Src/stm32l4xx_hal_uart.o
                0x08004a10                UART_AdvFeatureConfig
 .text.UART_CheckIdleState
                0x08004b54      0x150 ./Drivers/STM32L4xx_HAL_Driver/Src/stm32l4xx_hal_uart.o
                0x08004b54                UART_CheckIdleState
 .text.UART_WaitOnFlagUntilTimeout
                0x08004ca4       0xda ./Drivers/STM32L4xx_HAL_Driver/Src/stm32l4xx_hal_uart.o
                0x08004ca4                UART_WaitOnFlagUntilTimeout
 *fill*         0x08004d7e        0x2 
 .text.UART_Start_Receive_IT
                0x08004d80      0x18c ./Drivers/STM32L4xx_HAL_Driver/Src/stm32l4xx_hal_uart.o
                0x08004d80                UART_Start_Receive_IT
 .text.UART_EndTxTransfer
                0x08004f0c       0x4c ./Drivers/STM32L4xx_HAL_Driver/Src/stm32l4xx_hal_uart.o
 .text.UART_EndRxTransfer
                0x08004f58       0xc8 ./Drivers/STM32L4xx_HAL_Driver/Src/stm32l4xx_hal_uart.o
 .text.UART_DMATransmitCplt
                0x08005020       0x9a ./Drivers/STM32L4xx_HAL_Driver/Src/stm32l4xx_hal_uart.o
 .text.UART_DMATxHalfCplt
                0x080050ba       0x1c ./Drivers/STM32L4xx_HAL_Driver/Src/stm32l4xx_hal_uart.o
 .text.UART_DMAError
                0x080050d6       0x7e ./Drivers/STM32L4xx_HAL_Driver/Src/stm32l4xx_hal_uart.o
 .text.UART_DMAAbortOnError
                0x08005154       0x2c ./Drivers/STM32L4xx_HAL_Driver/Src/stm32l4xx_hal_uart.o
 .text.UART_EndTransmit_IT
                0x08005180       0x54 ./Drivers/STM32L4xx_HAL_Driver/Src/stm32l4xx_hal_uart.o
 .text.UART_RxISR_8BIT
                0x080051d4      0x1bc ./Drivers/STM32L4xx_HAL_Driver/Src/stm32l4xx_hal_uart.o
 .text.UART_RxISR_16BIT
                0x08005390      0x1bc ./Drivers/STM32L4xx_HAL_Driver/Src/stm32l4xx_hal_uart.o
 .text.HAL_UARTEx_WakeupCallback
                0x0800554c       0x14 ./Drivers/STM32L4xx_HAL_Driver/Src/stm32l4xx_hal_uart_ex.o
                0x0800554c                HAL_UARTEx_WakeupCallback
 .text.memset   0x08005560       0x10 C:/ST/STM32CubeIDE_1.16.0/STM32CubeIDE/plugins/com.st.stm32cube.ide.mcu.externaltools.gnu-tools-for-stm32.12.3.rel1.win32_1.0.200.202406191623/tools/bin/../lib/gcc/arm-none-eabi/12.3.1/../../../../arm-none-eabi/lib/thumb/v7e-m+fp/hard\libc_nano.a(libc_a-memset.o)
                0x08005560                memset
 .text.strncpy  0x08005570       0x26 C:/ST/STM32CubeIDE_1.16.0/STM32CubeIDE/plugins/com.st.stm32cube.ide.mcu.externaltools.gnu-tools-for-stm32.12.3.rel1.win32_1.0.200.202406191623/tools/bin/../lib/gcc/arm-none-eabi/12.3.1/../../../../arm-none-eabi/lib/thumb/v7e-m+fp/hard\libc_nano.a(libc_a-strncpy.o)
                0x08005570                strncpy
 *fill*         0x08005596        0x2 
 .text.__libc_init_array
                0x08005598       0x48 C:/ST/STM32CubeIDE_1.16.0/STM32CubeIDE/plugins/com.st.stm32cube.ide.mcu.externaltools.gnu-tools-for-stm32.12.3.rel1.win32_1.0.200.202406191623/tools/bin/../lib/gcc/arm-none-eabi/12.3.1/../../../../arm-none-eabi/lib/thumb/v7e-m+fp/hard\libc_nano.a(libc_a-init.o)
                0x08005598                __libc_init_array
 .text.memcpy   0x080055e0       0x1c C:/ST/STM32CubeIDE_1.16.0/STM32CubeIDE/plugins/com.st.stm32cube.ide.mcu.externaltools.gnu-tools-for-stm32.12.3.rel1.win32_1.0.200.202406191623/tools/bin/../lib/gcc/arm-none-eabi/12.3.1/../../../../arm-none-eabi/lib/thumb/v7e-m+fp/hard\libc_nano.a(libc_a-memcpy-stub.o)
                0x080055e0                memcpy
 *(.glue_7)
 .glue_7        0x080055fc        0x0 linker stubs
 *(.glue_7t)
 .glue_7t       0x080055fc        0x0 linker stubs
 *(.eh_frame)
 .eh_frame      0x080055fc        0x0 C:/ST/STM32CubeIDE_1.16.0/STM32CubeIDE/plugins/com.st.stm32cube.ide.mcu.externaltools.gnu-tools-for-stm32.12.3.rel1.win32_1.0.200.202406191623/tools/bin/../lib/gcc/arm-none-eabi/12.3.1/thumb/v7e-m+fp/hard/crtbegin.o
 *(.init)
 .init          0x080055fc        0x4 C:/ST/STM32CubeIDE_1.16.0/STM32CubeIDE/plugins/com.st.stm32cube.ide.mcu.externaltools.gnu-tools-for-stm32.12.3.rel1.win32_1.0.200.202406191623/tools/bin/../lib/gcc/arm-none-eabi/12.3.1/thumb/v7e-m+fp/hard/crti.o
                0x080055fc                _init
 .init          0x08005600        0x8 C:/ST/STM32CubeIDE_1.16.0/STM32CubeIDE/plugins/com.st.stm32cube.ide.mcu.externaltools.gnu-tools-for-stm32.12.3.rel1.win32_1.0.200.202406191623/tools/bin/../lib/gcc/arm-none-eabi/12.3.1/thumb/v7e-m+fp/hard/crtn.o
 *(.fini)
 .fini          0x08005608        0x4 C:/ST/STM32CubeIDE_1.16.0/STM32CubeIDE/plugins/com.st.stm32cube.ide.mcu.externaltools.gnu-tools-for-stm32.12.3.rel1.win32_1.0.200.202406191623/tools/bin/../lib/gcc/arm-none-eabi/12.3.1/thumb/v7e-m+fp/hard/crti.o
                0x08005608                _fini
 .fini          0x0800560c        0x8 C:/ST/STM32CubeIDE_1.16.0/STM32CubeIDE/plugins/com.st.stm32cube.ide.mcu.externaltools.gnu-tools-for-stm32.12.3.rel1.win32_1.0.200.202406191623/tools/bin/../lib/gcc/arm-none-eabi/12.3.1/thumb/v7e-m+fp/hard/crtn.o
                0x08005614                        . = ALIGN (0x4)
                0x08005614                        _etext = .

.vfp11_veneer   0x08005614        0x0
 .vfp11_veneer  0x08005614        0x0 linker stubs

.v4_bx          0x08005614        0x0
 .v4_bx         0x08005614        0x0 linker stubs

.iplt           0x08005614        0x0
 .iplt          0x08005614        0x0 C:/ST/STM32CubeIDE_1.16.0/STM32CubeIDE/plugins/com.st.stm32cube.ide.mcu.externaltools.gnu-tools-for-stm32.12.3.rel1.win32_1.0.200.202406191623/tools/bin/../lib/gcc/arm-none-eabi/12.3.1/thumb/v7e-m+fp/hard/crtbegin.o

.rodata         0x08005614      0x1d0
                0x08005614                        . = ALIGN (0x4)
 *(.rodata)
 .rodata        0x08005614        0x7 ./Core/Src/CommandHandler.o
 *fill*         0x0800561b        0x1 
 .rodata        0x0800561c       0x54 ./Core/Src/CommandsConfig.o
 .rodata        0x08005670      0x112 ./Core/Src/CommandsUtils.o
 *fill*         0x08005782        0x2 
 .rodata        0x08005784       0x18 ./Core/Src/main.o
 *(.rodata*)
 .rodata.AHBPrescTable
                0x0800579c       0x10 ./Core/Src/system_stm32l4xx.o
                0x0800579c                AHBPrescTable
 .rodata.APBPrescTable
                0x080057ac        0x8 ./Core/Src/system_stm32l4xx.o
                0x080057ac                APBPrescTable
 .rodata.MSIRangeTable
                0x080057b4       0x30 ./Core/Src/system_stm32l4xx.o
                0x080057b4                MSIRangeTable
                0x080057e4                        . = ALIGN (0x4)

.ARM.extab      0x080057e4        0x0
                0x080057e4                        . = ALIGN (0x4)
 *(.ARM.extab* .gnu.linkonce.armextab.*)
                0x080057e4                        . = ALIGN (0x4)

.ARM            0x080057e4        0x8
                0x080057e4                        . = ALIGN (0x4)
                0x080057e4                        __exidx_start = .
 *(.ARM.exidx*)
 .ARM.exidx     0x080057e4        0x8 C:/ST/STM32CubeIDE_1.16.0/STM32CubeIDE/plugins/com.st.stm32cube.ide.mcu.externaltools.gnu-tools-for-stm32.12.3.rel1.win32_1.0.200.202406191623/tools/bin/../lib/gcc/arm-none-eabi/12.3.1/../../../../arm-none-eabi/lib/thumb/v7e-m+fp/hard\libc_nano.a(libc_a-strcmp.o)
 .ARM.exidx     0x080057ec        0x0 C:/ST/STM32CubeIDE_1.16.0/STM32CubeIDE/plugins/com.st.stm32cube.ide.mcu.externaltools.gnu-tools-for-stm32.12.3.rel1.win32_1.0.200.202406191623/tools/bin/../lib/gcc/arm-none-eabi/12.3.1/../../../../arm-none-eabi/lib/thumb/v7e-m+fp/hard\libc_nano.a(libc_a-strlen.o)
                                  0x8 (size before relaxing)
 .ARM.exidx     0x080057ec        0x0 C:/ST/STM32CubeIDE_1.16.0/STM32CubeIDE/plugins/com.st.stm32cube.ide.mcu.externaltools.gnu-tools-for-stm32.12.3.rel1.win32_1.0.200.202406191623/tools/bin/../lib/gcc/arm-none-eabi/12.3.1/thumb/v7e-m+fp/hard\libgcc.a(_udivmoddi4.o)
                                  0x8 (size before relaxing)
                0x080057ec                        __exidx_end = .
                0x080057ec                        . = ALIGN (0x4)

.preinit_array  0x080057ec        0x0
                0x080057ec                        . = ALIGN (0x4)
                0x080057ec                        PROVIDE (__preinit_array_start = .)
 *(.preinit_array*)
                0x080057ec                        PROVIDE (__preinit_array_end = .)
                0x080057ec                        . = ALIGN (0x4)

.init_array     0x080057ec        0x4
                0x080057ec                        . = ALIGN (0x4)
                0x080057ec                        PROVIDE (__init_array_start = .)
 *(SORT_BY_NAME(.init_array.*))
 *(.init_array*)
 .init_array    0x080057ec        0x4 C:/ST/STM32CubeIDE_1.16.0/STM32CubeIDE/plugins/com.st.stm32cube.ide.mcu.externaltools.gnu-tools-for-stm32.12.3.rel1.win32_1.0.200.202406191623/tools/bin/../lib/gcc/arm-none-eabi/12.3.1/thumb/v7e-m+fp/hard/crtbegin.o
                0x080057f0                        PROVIDE (__init_array_end = .)
                0x080057f0                        . = ALIGN (0x4)

.fini_array     0x080057f0        0x4
                0x080057f0                        . = ALIGN (0x4)
                [!provide]                        PROVIDE (__fini_array_start = .)
 *(SORT_BY_NAME(.fini_array.*))
 *(.fini_array*)
 .fini_array    0x080057f0        0x4 C:/ST/STM32CubeIDE_1.16.0/STM32CubeIDE/plugins/com.st.stm32cube.ide.mcu.externaltools.gnu-tools-for-stm32.12.3.rel1.win32_1.0.200.202406191623/tools/bin/../lib/gcc/arm-none-eabi/12.3.1/thumb/v7e-m+fp/hard/crtbegin.o
                [!provide]                        PROVIDE (__fini_array_end = .)
                0x080057f4                        . = ALIGN (0x4)
                0x080057f4                        _sidata = LOADADDR (.data)

.rel.dyn        0x080057f4        0x0
 .rel.iplt      0x080057f4        0x0 C:/ST/STM32CubeIDE_1.16.0/STM32CubeIDE/plugins/com.st.stm32cube.ide.mcu.externaltools.gnu-tools-for-stm32.12.3.rel1.win32_1.0.200.202406191623/tools/bin/../lib/gcc/arm-none-eabi/12.3.1/thumb/v7e-m+fp/hard/crtbegin.o

.data           0x20000000        0xc load address 0x080057f4
                0x20000000                        . = ALIGN (0x4)
                0x20000000                        _sdata = .
 *(.data)
 *(.data*)
 .data.SystemCoreClock
                0x20000000        0x4 ./Core/Src/system_stm32l4xx.o
                0x20000000                SystemCoreClock
 .data.uwTickPrio
                0x20000004        0x4 ./Drivers/STM32L4xx_HAL_Driver/Src/stm32l4xx_hal.o
                0x20000004                uwTickPrio
 .data.uwTickFreq
                0x20000008        0x1 ./Drivers/STM32L4xx_HAL_Driver/Src/stm32l4xx_hal.o
                0x20000008                uwTickFreq
 *(.RamFunc)
 *(.RamFunc*)
                0x2000000c                        . = ALIGN (0x4)
 *fill*         0x20000009        0x3 
                0x2000000c                        _edata = .

.igot.plt       0x2000000c        0x0 load address 0x08005800
 .igot.plt      0x2000000c        0x0 C:/ST/STM32CubeIDE_1.16.0/STM32CubeIDE/plugins/com.st.stm32cube.ide.mcu.externaltools.gnu-tools-for-stm32.12.3.rel1.win32_1.0.200.202406191623/tools/bin/../lib/gcc/arm-none-eabi/12.3.1/thumb/v7e-m+fp/hard/crtbegin.o
                0x2000000c                        . = ALIGN (0x4)

.bss            0x2000000c      0x2bc load address 0x08005800
                0x2000000c                        _sbss = .
                0x2000000c                        __bss_start__ = _sbss
 *(.bss)
 .bss           0x2000000c       0x1c C:/ST/STM32CubeIDE_1.16.0/STM32CubeIDE/plugins/com.st.stm32cube.ide.mcu.externaltools.gnu-tools-for-stm32.12.3.rel1.win32_1.0.200.202406191623/tools/bin/../lib/gcc/arm-none-eabi/12.3.1/thumb/v7e-m+fp/hard/crtbegin.o
 *(.bss*)
 .bss.command_buffer
                0x20000028       0x40 ./Core/Src/CommandHandler.o
                0x20000028                command_buffer
 .bss.current_command
                0x20000068       0x81 ./Core/Src/CommandHandler.o
                0x20000068                current_command
 *fill*         0x200000e9        0x3 
 .bss.index.1   0x200000ec        0x4 ./Core/Src/CommandHandler.o
 .bss.err.0     0x200000f0        0x1 ./Core/Src/CommandHandler.o
 .bss.team      0x200000f1        0x1 ./Core/Src/CommandsConfig.o
                0x200000f1                team
 .bss.strategy  0x200000f2        0x1 ./Core/Src/CommandsConfig.o
                0x200000f2                strategy
 *fill*         0x200000f3        0x1 
 .bss.motor_states
                0x200000f4       0x18 ./Core/Src/Motors.o
 .bss.motor_it_enabled
                0x2000010c        0x3 ./Core/Src/Motors.o
                0x2000010c                motor_it_enabled
 *fill*         0x2000010f        0x1 
 .bss.htim2     0x20000110       0x4c ./Core/Src/tim.o
                0x20000110                htim2
 .bss.htim6     0x2000015c       0x4c ./Core/Src/tim.o
                0x2000015c                htim6
 .bss.htim7     0x200001a8       0x4c ./Core/Src/tim.o
                0x200001a8                htim7
 .bss.huart2    0x200001f4       0x88 ./Core/Src/usart.o
                0x200001f4                huart2
 .bss.hdma_usart2_tx
                0x2000027c       0x48 ./Core/Src/usart.o
                0x2000027c                hdma_usart2_tx
 .bss.uwTick    0x200002c4        0x4 ./Drivers/STM32L4xx_HAL_Driver/Src/stm32l4xx_hal.o
                0x200002c4                uwTick
 *(COMMON)
                0x200002c8                        . = ALIGN (0x4)
                0x200002c8                        _ebss = .
                0x200002c8                        __bss_end__ = _ebss

._user_heap_stack
                0x200002c8      0x600 load address 0x08005800
                0x200002c8                        . = ALIGN (0x8)
                [!provide]                        PROVIDE (end = .)
                0x200002c8                        PROVIDE (_end = .)
                0x200004c8                        . = (. + _Min_Heap_Size)
 *fill*         0x200002c8      0x200 
                0x200008c8                        . = (. + _Min_Stack_Size)
 *fill*         0x200004c8      0x400 
                0x200008c8                        . = ALIGN (0x8)

/DISCARD/
 libc.a(*)
 libm.a(*)
 libgcc.a(*)

.ARM.attributes
                0x00000000       0x30
 *(.ARM.attributes)
 .ARM.attributes
                0x00000000       0x22 C:/ST/STM32CubeIDE_1.16.0/STM32CubeIDE/plugins/com.st.stm32cube.ide.mcu.externaltools.gnu-tools-for-stm32.12.3.rel1.win32_1.0.200.202406191623/tools/bin/../lib/gcc/arm-none-eabi/12.3.1/thumb/v7e-m+fp/hard/crti.o
 .ARM.attributes
                0x00000022       0x34 C:/ST/STM32CubeIDE_1.16.0/STM32CubeIDE/plugins/com.st.stm32cube.ide.mcu.externaltools.gnu-tools-for-stm32.12.3.rel1.win32_1.0.200.202406191623/tools/bin/../lib/gcc/arm-none-eabi/12.3.1/thumb/v7e-m+fp/hard/crtbegin.o
 .ARM.attributes
                0x00000056       0x34 ./Core/Src/CommandHandler.o
 .ARM.attributes
                0x0000008a       0x34 ./Core/Src/CommandsConfig.o
 .ARM.attributes
                0x000000be       0x34 ./Core/Src/CommandsUtils.o
 .ARM.attributes
                0x000000f2       0x34 ./Core/Src/Motors.o
 .ARM.attributes
                0x00000126       0x34 ./Core/Src/dma.o
 .ARM.attributes
                0x0000015a       0x34 ./Core/Src/gpio.o
 .ARM.attributes
                0x0000018e       0x34 ./Core/Src/main.o
 .ARM.attributes
                0x000001c2       0x34 ./Core/Src/stm32l4xx_hal_msp.o
 .ARM.attributes
                0x000001f6       0x34 ./Core/Src/stm32l4xx_it.o
 .ARM.attributes
                0x0000022a       0x34 ./Core/Src/system_stm32l4xx.o
 .ARM.attributes
                0x0000025e       0x34 ./Core/Src/tim.o
 .ARM.attributes
                0x00000292       0x34 ./Core/Src/usart.o
 .ARM.attributes
                0x000002c6       0x21 ./Core/Startup/startup_stm32l432kcux.o
 .ARM.attributes
                0x000002e7       0x34 ./Drivers/STM32L4xx_HAL_Driver/Src/stm32l4xx_hal.o
 .ARM.attributes
                0x0000031b       0x34 ./Drivers/STM32L4xx_HAL_Driver/Src/stm32l4xx_hal_cortex.o
 .ARM.attributes
                0x0000034f       0x34 ./Drivers/STM32L4xx_HAL_Driver/Src/stm32l4xx_hal_dma.o
 .ARM.attributes
                0x00000383       0x34 ./Drivers/STM32L4xx_HAL_Driver/Src/stm32l4xx_hal_gpio.o
 .ARM.attributes
                0x000003b7       0x34 ./Drivers/STM32L4xx_HAL_Driver/Src/stm32l4xx_hal_pwr_ex.o
 .ARM.attributes
                0x000003eb       0x34 ./Drivers/STM32L4xx_HAL_Driver/Src/stm32l4xx_hal_rcc.o
 .ARM.attributes
                0x0000041f       0x34 ./Drivers/STM32L4xx_HAL_Driver/Src/stm32l4xx_hal_rcc_ex.o
 .ARM.attributes
                0x00000453       0x34 ./Drivers/STM32L4xx_HAL_Driver/Src/stm32l4xx_hal_tim.o
 .ARM.attributes
                0x00000487       0x34 ./Drivers/STM32L4xx_HAL_Driver/Src/stm32l4xx_hal_tim_ex.o
 .ARM.attributes
                0x000004bb       0x34 ./Drivers/STM32L4xx_HAL_Driver/Src/stm32l4xx_hal_uart.o
 .ARM.attributes
                0x000004ef       0x34 ./Drivers/STM32L4xx_HAL_Driver/Src/stm32l4xx_hal_uart_ex.o
 .ARM.attributes
                0x00000523       0x34 C:/ST/STM32CubeIDE_1.16.0/STM32CubeIDE/plugins/com.st.stm32cube.ide.mcu.externaltools.gnu-tools-for-stm32.12.3.rel1.win32_1.0.200.202406191623/tools/bin/../lib/gcc/arm-none-eabi/12.3.1/../../../../arm-none-eabi/lib/thumb/v7e-m+fp/hard\libc_nano.a(libc_a-memset.o)
 .ARM.attributes
                0x00000557       0x34 C:/ST/STM32CubeIDE_1.16.0/STM32CubeIDE/plugins/com.st.stm32cube.ide.mcu.externaltools.gnu-tools-for-stm32.12.3.rel1.win32_1.0.200.202406191623/tools/bin/../lib/gcc/arm-none-eabi/12.3.1/../../../../arm-none-eabi/lib/thumb/v7e-m+fp/hard\libc_nano.a(libc_a-strncpy.o)
 .ARM.attributes
                0x0000058b       0x34 C:/ST/STM32CubeIDE_1.16.0/STM32CubeIDE/plugins/com.st.stm32cube.ide.mcu.externaltools.gnu-tools-for-stm32.12.3.rel1.win32_1.0.200.202406191623/tools/bin/../lib/gcc/arm-none-eabi/12.3.1/../../../../arm-none-eabi/lib/thumb/v7e-m+fp/hard\libc_nano.a(libc_a-init.o)
 .ARM.attributes
                0x000005bf       0x20 C:/ST/STM32CubeIDE_1.16.0/STM32CubeIDE/plugins/com.st.stm32cube.ide.mcu.externaltools.gnu-tools-for-stm32.12.3.rel1.win32_1.0.200.202406191623/tools/bin/../lib/gcc/arm-none-eabi/12.3.1/../../../../arm-none-eabi/lib/thumb/v7e-m+fp/hard\libc_nano.a(libc_a-strcmp.o)
 .ARM.attributes
                0x000005df       0x34 C:/ST/STM32CubeIDE_1.16.0/STM32CubeIDE/plugins/com.st.stm32cube.ide.mcu.externaltools.gnu-tools-for-stm32.12.3.rel1.win32_1.0.200.202406191623/tools/bin/../lib/gcc/arm-none-eabi/12.3.1/../../../../arm-none-eabi/lib/thumb/v7e-m+fp/hard\libc_nano.a(libc_a-memcpy-stub.o)
 .ARM.attributes
                0x00000613       0x17 C:/ST/STM32CubeIDE_1.16.0/STM32CubeIDE/plugins/com.st.stm32cube.ide.mcu.externaltools.gnu-tools-for-stm32.12.3.rel1.win32_1.0.200.202406191623/tools/bin/../lib/gcc/arm-none-eabi/12.3.1/../../../../arm-none-eabi/lib/thumb/v7e-m+fp/hard\libc_nano.a(libc_a-strlen.o)
 .ARM.attributes
                0x0000062a       0x22 C:/ST/STM32CubeIDE_1.16.0/STM32CubeIDE/plugins/com.st.stm32cube.ide.mcu.externaltools.gnu-tools-for-stm32.12.3.rel1.win32_1.0.200.202406191623/tools/bin/../lib/gcc/arm-none-eabi/12.3.1/thumb/v7e-m+fp/hard\libgcc.a(_aeabi_uldivmod.o)
 .ARM.attributes
                0x0000064c       0x34 C:/ST/STM32CubeIDE_1.16.0/STM32CubeIDE/plugins/com.st.stm32cube.ide.mcu.externaltools.gnu-tools-for-stm32.12.3.rel1.win32_1.0.200.202406191623/tools/bin/../lib/gcc/arm-none-eabi/12.3.1/thumb/v7e-m+fp/hard\libgcc.a(_udivmoddi4.o)
 .ARM.attributes
                0x00000680       0x22 C:/ST/STM32CubeIDE_1.16.0/STM32CubeIDE/plugins/com.st.stm32cube.ide.mcu.externaltools.gnu-tools-for-stm32.12.3.rel1.win32_1.0.200.202406191623/tools/bin/../lib/gcc/arm-none-eabi/12.3.1/thumb/v7e-m+fp/hard\libgcc.a(_dvmd_tls.o)
 .ARM.attributes
                0x000006a2       0x22 C:/ST/STM32CubeIDE_1.16.0/STM32CubeIDE/plugins/com.st.stm32cube.ide.mcu.externaltools.gnu-tools-for-stm32.12.3.rel1.win32_1.0.200.202406191623/tools/bin/../lib/gcc/arm-none-eabi/12.3.1/thumb/v7e-m+fp/hard/crtn.o
OUTPUT(Firmware_embase.elf elf32-littlearm)
LOAD linker stubs
LOAD C:/ST/STM32CubeIDE_1.16.0/STM32CubeIDE/plugins/com.st.stm32cube.ide.mcu.externaltools.gnu-tools-for-stm32.12.3.rel1.win32_1.0.200.202406191623/tools/bin/../lib/gcc/arm-none-eabi/12.3.1/../../../../arm-none-eabi/lib/thumb/v7e-m+fp/hard\libc.a
LOAD C:/ST/STM32CubeIDE_1.16.0/STM32CubeIDE/plugins/com.st.stm32cube.ide.mcu.externaltools.gnu-tools-for-stm32.12.3.rel1.win32_1.0.200.202406191623/tools/bin/../lib/gcc/arm-none-eabi/12.3.1/../../../../arm-none-eabi/lib/thumb/v7e-m+fp/hard\libm.a
LOAD C:/ST/STM32CubeIDE_1.16.0/STM32CubeIDE/plugins/com.st.stm32cube.ide.mcu.externaltools.gnu-tools-for-stm32.12.3.rel1.win32_1.0.200.202406191623/tools/bin/../lib/gcc/arm-none-eabi/12.3.1/thumb/v7e-m+fp/hard\libgcc.a

.debug_info     0x00000000    0x13b0e
 .debug_info    0x00000000      0xa05 ./Core/Src/CommandHandler.o
 .debug_info    0x00000a05      0x32c ./Core/Src/CommandsConfig.o
 .debug_info    0x00000d31      0xa40 ./Core/Src/CommandsUtils.o
 .debug_info    0x00001771      0xa06 ./Core/Src/Motors.o
 .debug_info    0x00002177      0x491 ./Core/Src/dma.o
 .debug_info    0x00002608      0x473 ./Core/Src/gpio.o
 .debug_info    0x00002a7b      0xdd8 ./Core/Src/main.o
 .debug_info    0x00003853      0x2c5 ./Core/Src/stm32l4xx_hal_msp.o
 .debug_info    0x00003b18      0xb40 ./Core/Src/stm32l4xx_it.o
 .debug_info    0x00004658      0x5bf ./Core/Src/system_stm32l4xx.o
 .debug_info    0x00004c17      0xcd6 ./Core/Src/tim.o
 .debug_info    0x000058ed      0xe8f ./Core/Src/usart.o
 .debug_info    0x0000677c       0x30 ./Core/Startup/startup_stm32l432kcux.o
 .debug_info    0x000067ac      0x99e ./Drivers/STM32L4xx_HAL_Driver/Src/stm32l4xx_hal.o
 .debug_info    0x0000714a      0xd03 ./Drivers/STM32L4xx_HAL_Driver/Src/stm32l4xx_hal_cortex.o
 .debug_info    0x00007e4d      0x6f4 ./Drivers/STM32L4xx_HAL_Driver/Src/stm32l4xx_hal_dma.o
 .debug_info    0x00008541      0x757 ./Drivers/STM32L4xx_HAL_Driver/Src/stm32l4xx_hal_gpio.o
 .debug_info    0x00008c98      0x920 ./Drivers/STM32L4xx_HAL_Driver/Src/stm32l4xx_hal_pwr_ex.o
 .debug_info    0x000095b8      0xbc3 ./Drivers/STM32L4xx_HAL_Driver/Src/stm32l4xx_hal_rcc.o
 .debug_info    0x0000a17b      0xee5 ./Drivers/STM32L4xx_HAL_Driver/Src/stm32l4xx_hal_rcc_ex.o
 .debug_info    0x0000b060     0x2a9a ./Drivers/STM32L4xx_HAL_Driver/Src/stm32l4xx_hal_tim.o
 .debug_info    0x0000dafa     0x169e ./Drivers/STM32L4xx_HAL_Driver/Src/stm32l4xx_hal_tim_ex.o
 .debug_info    0x0000f198     0x3b77 ./Drivers/STM32L4xx_HAL_Driver/Src/stm32l4xx_hal_uart.o
 .debug_info    0x00012d0f      0xdff ./Drivers/STM32L4xx_HAL_Driver/Src/stm32l4xx_hal_uart_ex.o

.debug_abbrev   0x00000000     0x2ef7
 .debug_abbrev  0x00000000      0x222 ./Core/Src/CommandHandler.o
 .debug_abbrev  0x00000222      0x15f ./Core/Src/CommandsConfig.o
 .debug_abbrev  0x00000381      0x219 ./Core/Src/CommandsUtils.o
 .debug_abbrev  0x0000059a      0x208 ./Core/Src/Motors.o
 .debug_abbrev  0x000007a2       0xfc ./Core/Src/dma.o
 .debug_abbrev  0x0000089e      0x152 ./Core/Src/gpio.o
 .debug_abbrev  0x000009f0      0x25c ./Core/Src/main.o
 .debug_abbrev  0x00000c4c       0xc6 ./Core/Src/stm32l4xx_hal_msp.o
 .debug_abbrev  0x00000d12      0x1b5 ./Core/Src/stm32l4xx_it.o
 .debug_abbrev  0x00000ec7      0x11a ./Core/Src/system_stm32l4xx.o
 .debug_abbrev  0x00000fe1      0x206 ./Core/Src/tim.o
 .debug_abbrev  0x000011e7      0x20e ./Core/Src/usart.o
 .debug_abbrev  0x000013f5       0x24 ./Core/Startup/startup_stm32l432kcux.o
 .debug_abbrev  0x00001419      0x225 ./Drivers/STM32L4xx_HAL_Driver/Src/stm32l4xx_hal.o
 .debug_abbrev  0x0000163e      0x31c ./Drivers/STM32L4xx_HAL_Driver/Src/stm32l4xx_hal_cortex.o
 .debug_abbrev  0x0000195a      0x1e4 ./Drivers/STM32L4xx_HAL_Driver/Src/stm32l4xx_hal_dma.o
 .debug_abbrev  0x00001b3e      0x1cb ./Drivers/STM32L4xx_HAL_Driver/Src/stm32l4xx_hal_gpio.o
 .debug_abbrev  0x00001d09      0x1f9 ./Drivers/STM32L4xx_HAL_Driver/Src/stm32l4xx_hal_pwr_ex.o
 .debug_abbrev  0x00001f02      0x2cb ./Drivers/STM32L4xx_HAL_Driver/Src/stm32l4xx_hal_rcc.o
 .debug_abbrev  0x000021cd      0x2a1 ./Drivers/STM32L4xx_HAL_Driver/Src/stm32l4xx_hal_rcc_ex.o
 .debug_abbrev  0x0000246e      0x278 ./Drivers/STM32L4xx_HAL_Driver/Src/stm32l4xx_hal_tim.o
 .debug_abbrev  0x000026e6      0x283 ./Drivers/STM32L4xx_HAL_Driver/Src/stm32l4xx_hal_tim_ex.o
 .debug_abbrev  0x00002969      0x2d0 ./Drivers/STM32L4xx_HAL_Driver/Src/stm32l4xx_hal_uart.o
 .debug_abbrev  0x00002c39      0x2be ./Drivers/STM32L4xx_HAL_Driver/Src/stm32l4xx_hal_uart_ex.o

.debug_aranges  0x00000000     0x10d0
 .debug_aranges
                0x00000000       0x38 ./Core/Src/CommandHandler.o
 .debug_aranges
                0x00000038       0x50 ./Core/Src/CommandsConfig.o
 .debug_aranges
                0x00000088       0x58 ./Core/Src/CommandsUtils.o
 .debug_aranges
                0x000000e0       0x50 ./Core/Src/Motors.o
 .debug_aranges
                0x00000130       0x20 ./Core/Src/dma.o
 .debug_aranges
                0x00000150       0x20 ./Core/Src/gpio.o
 .debug_aranges
                0x00000170       0x40 ./Core/Src/main.o
 .debug_aranges
                0x000001b0       0x20 ./Core/Src/stm32l4xx_hal_msp.o
 .debug_aranges
                0x000001d0       0x88 ./Core/Src/stm32l4xx_it.o
 .debug_aranges
                0x00000258       0x28 ./Core/Src/system_stm32l4xx.o
 .debug_aranges
                0x00000280       0x40 ./Core/Src/tim.o
 .debug_aranges
                0x000002c0       0x30 ./Core/Src/usart.o
 .debug_aranges
                0x000002f0       0x28 ./Core/Startup/startup_stm32l432kcux.o
 .debug_aranges
                0x00000318      0x108 ./Drivers/STM32L4xx_HAL_Driver/Src/stm32l4xx_hal.o
 .debug_aranges
                0x00000420      0x128 ./Drivers/STM32L4xx_HAL_Driver/Src/stm32l4xx_hal_cortex.o
 .debug_aranges
                0x00000548       0x80 ./Drivers/STM32L4xx_HAL_Driver/Src/stm32l4xx_hal_dma.o
 .debug_aranges
                0x000005c8       0x58 ./Drivers/STM32L4xx_HAL_Driver/Src/stm32l4xx_hal_gpio.o
 .debug_aranges
                0x00000620      0x128 ./Drivers/STM32L4xx_HAL_Driver/Src/stm32l4xx_hal_pwr_ex.o
 .debug_aranges
                0x00000748       0x90 ./Drivers/STM32L4xx_HAL_Driver/Src/stm32l4xx_hal_rcc.o
 .debug_aranges
                0x000007d8       0xf0 ./Drivers/STM32L4xx_HAL_Driver/Src/stm32l4xx_hal_rcc_ex.o
 .debug_aranges
                0x000008c8      0x3e0 ./Drivers/STM32L4xx_HAL_Driver/Src/stm32l4xx_hal_tim.o
 .debug_aranges
                0x00000ca8      0x180 ./Drivers/STM32L4xx_HAL_Driver/Src/stm32l4xx_hal_tim_ex.o
 .debug_aranges
                0x00000e28      0x228 ./Drivers/STM32L4xx_HAL_Driver/Src/stm32l4xx_hal_uart.o
 .debug_aranges
                0x00001050       0x80 ./Drivers/STM32L4xx_HAL_Driver/Src/stm32l4xx_hal_uart_ex.o

.debug_rnglists
                0x00000000      0xd01
 .debug_rnglists
                0x00000000       0x27 ./Core/Src/CommandHandler.o
 .debug_rnglists
                0x00000027       0x39 ./Core/Src/CommandsConfig.o
 .debug_rnglists
                0x00000060       0x41 ./Core/Src/CommandsUtils.o
 .debug_rnglists
                0x000000a1       0x39 ./Core/Src/Motors.o
 .debug_rnglists
                0x000000da       0x13 ./Core/Src/dma.o
 .debug_rnglists
                0x000000ed       0x14 ./Core/Src/gpio.o
 .debug_rnglists
                0x00000101       0x2c ./Core/Src/main.o
 .debug_rnglists
                0x0000012d       0x13 ./Core/Src/stm32l4xx_hal_msp.o
 .debug_rnglists
                0x00000140       0x61 ./Core/Src/stm32l4xx_it.o
 .debug_rnglists
                0x000001a1       0x1a ./Core/Src/system_stm32l4xx.o
 .debug_rnglists
                0x000001bb       0x2d ./Core/Src/tim.o
 .debug_rnglists
                0x000001e8       0x20 ./Core/Src/usart.o
 .debug_rnglists
                0x00000208       0x19 ./Core/Startup/startup_stm32l432kcux.o
 .debug_rnglists
                0x00000221       0xc1 ./Drivers/STM32L4xx_HAL_Driver/Src/stm32l4xx_hal.o
 .debug_rnglists
                0x000002e2       0xda ./Drivers/STM32L4xx_HAL_Driver/Src/stm32l4xx_hal_cortex.o
 .debug_rnglists
                0x000003bc       0x64 ./Drivers/STM32L4xx_HAL_Driver/Src/stm32l4xx_hal_dma.o
 .debug_rnglists
                0x00000420       0x3f ./Drivers/STM32L4xx_HAL_Driver/Src/stm32l4xx_hal_gpio.o
 .debug_rnglists
                0x0000045f       0xdf ./Drivers/STM32L4xx_HAL_Driver/Src/stm32l4xx_hal_pwr_ex.o
 .debug_rnglists
                0x0000053e       0x6d ./Drivers/STM32L4xx_HAL_Driver/Src/stm32l4xx_hal_rcc.o
 .debug_rnglists
                0x000005ab       0xba ./Drivers/STM32L4xx_HAL_Driver/Src/stm32l4xx_hal_rcc_ex.o
 .debug_rnglists
                0x00000665      0x328 ./Drivers/STM32L4xx_HAL_Driver/Src/stm32l4xx_hal_tim.o
 .debug_rnglists
                0x0000098d      0x139 ./Drivers/STM32L4xx_HAL_Driver/Src/stm32l4xx_hal_tim_ex.o
 .debug_rnglists
                0x00000ac6      0x1db ./Drivers/STM32L4xx_HAL_Driver/Src/stm32l4xx_hal_uart.o
 .debug_rnglists
                0x00000ca1       0x60 ./Drivers/STM32L4xx_HAL_Driver/Src/stm32l4xx_hal_uart_ex.o

.debug_macro    0x00000000    0x219cb
 .debug_macro   0x00000000      0x2cd ./Core/Src/CommandHandler.o
 .debug_macro   0x000002cd      0xab4 ./Core/Src/CommandHandler.o
 .debug_macro   0x00000d81      0x1a7 ./Core/Src/CommandHandler.o
 .debug_macro   0x00000f28       0x2e ./Core/Src/CommandHandler.o
 .debug_macro   0x00000f56       0x28 ./Core/Src/CommandHandler.o
 .debug_macro   0x00000f7e       0x22 ./Core/Src/CommandHandler.o
 .debug_macro   0x00000fa0       0x8e ./Core/Src/CommandHandler.o
 .debug_macro   0x0000102e       0x51 ./Core/Src/CommandHandler.o
 .debug_macro   0x0000107f      0x103 ./Core/Src/CommandHandler.o
 .debug_macro   0x00001182       0x6a ./Core/Src/CommandHandler.o
 .debug_macro   0x000011ec      0x1df ./Core/Src/CommandHandler.o
 .debug_macro   0x000013cb       0x1c ./Core/Src/CommandHandler.o
 .debug_macro   0x000013e7       0x22 ./Core/Src/CommandHandler.o
 .debug_macro   0x00001409       0xfb ./Core/Src/CommandHandler.o
 .debug_macro   0x00001504     0x1011 ./Core/Src/CommandHandler.o
 .debug_macro   0x00002515      0x11f ./Core/Src/CommandHandler.o
 .debug_macro   0x00002634    0x147a6 ./Core/Src/CommandHandler.o
 .debug_macro   0x00016dda       0x6d ./Core/Src/CommandHandler.o
 .debug_macro   0x00016e47     0x38fb ./Core/Src/CommandHandler.o
 .debug_macro   0x0001a742      0x189 ./Core/Src/CommandHandler.o
 .debug_macro   0x0001a8cb       0x5c ./Core/Src/CommandHandler.o
 .debug_macro   0x0001a927     0x11ca ./Core/Src/CommandHandler.o
 .debug_macro   0x0001baf1      0x53c ./Core/Src/CommandHandler.o
 .debug_macro   0x0001c02d      0x1b9 ./Core/Src/CommandHandler.o
 .debug_macro   0x0001c1e6      0x122 ./Core/Src/CommandHandler.o
 .debug_macro   0x0001c308      0x26b ./Core/Src/CommandHandler.o
 .debug_macro   0x0001c573      0x23d ./Core/Src/CommandHandler.o
 .debug_macro   0x0001c7b0      0x241 ./Core/Src/CommandHandler.o
 .debug_macro   0x0001c9f1      0x375 ./Core/Src/CommandHandler.o
 .debug_macro   0x0001cd66       0xd6 ./Core/Src/CommandHandler.o
 .debug_macro   0x0001ce3c      0x122 ./Core/Src/CommandHandler.o
 .debug_macro   0x0001cf5e      0x356 ./Core/Src/CommandHandler.o
 .debug_macro   0x0001d2b4      0xa98 ./Core/Src/CommandHandler.o
 .debug_macro   0x0001dd4c      0x12d ./Core/Src/CommandHandler.o
 .debug_macro   0x0001de79      0x5cf ./Core/Src/CommandHandler.o
 .debug_macro   0x0001e448       0x44 ./Core/Src/CommandHandler.o
 .debug_macro   0x0001e48c      0x220 ./Core/Src/CommandHandler.o
 .debug_macro   0x0001e6ac       0xac ./Core/Src/CommandHandler.o
 .debug_macro   0x0001e758       0x22 ./Core/Src/CommandHandler.o
 .debug_macro   0x0001e77a       0x2e ./Core/Src/CommandHandler.o
 .debug_macro   0x0001e7a8       0x61 ./Core/Src/CommandHandler.o
 .debug_macro   0x0001e809       0x2a ./Core/Src/CommandHandler.o
 .debug_macro   0x0001e833       0x43 ./Core/Src/CommandHandler.o
 .debug_macro   0x0001e876       0x34 ./Core/Src/CommandHandler.o
 .debug_macro   0x0001e8aa       0x16 ./Core/Src/CommandHandler.o
 .debug_macro   0x0001e8c0       0x43 ./Core/Src/CommandHandler.o
 .debug_macro   0x0001e903       0x34 ./Core/Src/CommandHandler.o
 .debug_macro   0x0001e937       0x10 ./Core/Src/CommandHandler.o
 .debug_macro   0x0001e947       0x58 ./Core/Src/CommandHandler.o
 .debug_macro   0x0001e99f       0x8e ./Core/Src/CommandHandler.o
 .debug_macro   0x0001ea2d       0x1c ./Core/Src/CommandHandler.o
 .debug_macro   0x0001ea49      0x177 ./Core/Src/CommandHandler.o
 .debug_macro   0x0001ebc0      0x369 ./Core/Src/CommandHandler.o
 .debug_macro   0x0001ef29       0x10 ./Core/Src/CommandHandler.o
 .debug_macro   0x0001ef39       0x35 ./Core/Src/CommandHandler.o
 .debug_macro   0x0001ef6e       0x20 ./Core/Src/CommandHandler.o
 .debug_macro   0x0001ef8e      0x158 ./Core/Src/CommandsConfig.o
 .debug_macro   0x0001f0e6       0x28 ./Core/Src/CommandsConfig.o
 .debug_macro   0x0001f10e      0x2c3 ./Core/Src/CommandsUtils.o
 .debug_macro   0x0001f3d1       0x56 ./Core/Src/CommandsUtils.o
 .debug_macro   0x0001f427      0x229 ./Core/Src/Motors.o
 .debug_macro   0x0001f650       0x1c ./Core/Src/Motors.o
 .debug_macro   0x0001f66c      0x1d9 ./Core/Src/dma.o
 .debug_macro   0x0001f845      0x1d9 ./Core/Src/gpio.o
 .debug_macro   0x0001fa1e      0x23c ./Core/Src/main.o
 .debug_macro   0x0001fc5a      0x1cf ./Core/Src/stm32l4xx_hal_msp.o
 .debug_macro   0x0001fe29      0x1d9 ./Core/Src/stm32l4xx_it.o
 .debug_macro   0x00020002      0x1c0 ./Core/Src/system_stm32l4xx.o
 .debug_macro   0x000201c2      0x1d9 ./Core/Src/tim.o
 .debug_macro   0x0002039b      0x1d9 ./Core/Src/usart.o
 .debug_macro   0x00020574      0x208 ./Drivers/STM32L4xx_HAL_Driver/Src/stm32l4xx_hal.o
 .debug_macro   0x0002077c      0x1c0 ./Drivers/STM32L4xx_HAL_Driver/Src/stm32l4xx_hal_cortex.o
 .debug_macro   0x0002093c      0x1c0 ./Drivers/STM32L4xx_HAL_Driver/Src/stm32l4xx_hal_dma.o
 .debug_macro   0x00020afc      0x1c7 ./Drivers/STM32L4xx_HAL_Driver/Src/stm32l4xx_hal_gpio.o
 .debug_macro   0x00020cc3      0x1e4 ./Drivers/STM32L4xx_HAL_Driver/Src/stm32l4xx_hal_pwr_ex.o
 .debug_macro   0x00020ea7      0x202 ./Drivers/STM32L4xx_HAL_Driver/Src/stm32l4xx_hal_rcc.o
 .debug_macro   0x000210a9      0x1f6 ./Drivers/STM32L4xx_HAL_Driver/Src/stm32l4xx_hal_rcc_ex.o
 .debug_macro   0x0002129f      0x1c1 ./Drivers/STM32L4xx_HAL_Driver/Src/stm32l4xx_hal_tim.o
 .debug_macro   0x00021460      0x1c0 ./Drivers/STM32L4xx_HAL_Driver/Src/stm32l4xx_hal_tim_ex.o
 .debug_macro   0x00021620      0x1eb ./Drivers/STM32L4xx_HAL_Driver/Src/stm32l4xx_hal_uart.o
 .debug_macro   0x0002180b      0x1c0 ./Drivers/STM32L4xx_HAL_Driver/Src/stm32l4xx_hal_uart_ex.o

.debug_line     0x00000000    0x15c49
 .debug_line    0x00000000      0xa35 ./Core/Src/CommandHandler.o
 .debug_line    0x00000a35      0x708 ./Core/Src/CommandsConfig.o
 .debug_line    0x0000113d      0xb4a ./Core/Src/CommandsUtils.o
 .debug_line    0x00001c87      0xa30 ./Core/Src/Motors.o
 .debug_line    0x000026b7      0x74b ./Core/Src/dma.o
 .debug_line    0x00002e02      0x78b ./Core/Src/gpio.o
 .debug_line    0x0000358d      0x885 ./Core/Src/main.o
 .debug_line    0x00003e12      0x750 ./Core/Src/stm32l4xx_hal_msp.o
 .debug_line    0x00004562      0x88a ./Core/Src/stm32l4xx_it.o
 .debug_line    0x00004dec      0x7ea ./Core/Src/system_stm32l4xx.o
 .debug_line    0x000055d6      0x881 ./Core/Src/tim.o
 .debug_line    0x00005e57      0x80a ./Core/Src/usart.o
 .debug_line    0x00006661       0x7a ./Core/Startup/startup_stm32l432kcux.o
 .debug_line    0x000066db      0xab2 ./Drivers/STM32L4xx_HAL_Driver/Src/stm32l4xx_hal.o
 .debug_line    0x0000718d      0xd0e ./Drivers/STM32L4xx_HAL_Driver/Src/stm32l4xx_hal_cortex.o
 .debug_line    0x00007e9b      0xd4a ./Drivers/STM32L4xx_HAL_Driver/Src/stm32l4xx_hal_dma.o
 .debug_line    0x00008be5      0xb54 ./Drivers/STM32L4xx_HAL_Driver/Src/stm32l4xx_hal_gpio.o
 .debug_line    0x00009739      0xc3e ./Drivers/STM32L4xx_HAL_Driver/Src/stm32l4xx_hal_pwr_ex.o
 .debug_line    0x0000a377      0xffc ./Drivers/STM32L4xx_HAL_Driver/Src/stm32l4xx_hal_rcc.o
 .debug_line    0x0000b373     0x1337 ./Drivers/STM32L4xx_HAL_Driver/Src/stm32l4xx_hal_rcc_ex.o
 .debug_line    0x0000c6aa     0x3c24 ./Drivers/STM32L4xx_HAL_Driver/Src/stm32l4xx_hal_tim.o
 .debug_line    0x000102ce     0x1b46 ./Drivers/STM32L4xx_HAL_Driver/Src/stm32l4xx_hal_tim_ex.o
 .debug_line    0x00011e14     0x31ea ./Drivers/STM32L4xx_HAL_Driver/Src/stm32l4xx_hal_uart.o
 .debug_line    0x00014ffe      0xc4b ./Drivers/STM32L4xx_HAL_Driver/Src/stm32l4xx_hal_uart_ex.o

.debug_str      0x00000000    0xc9b09
 .debug_str     0x00000000    0xc4bf3 ./Core/Src/CommandHandler.o
                              0xc4f2a (size before relaxing)
 .debug_str     0x000c4bf3      0x125 ./Core/Src/CommandsConfig.o
                               0x753a (size before relaxing)
 .debug_str     0x000c4d18       0x9c ./Core/Src/CommandsUtils.o
                              0xc4e95 (size before relaxing)
 .debug_str     0x000c4db4      0x892 ./Core/Src/Motors.o
                              0xc2114 (size before relaxing)
 .debug_str     0x000c5646      0x4f4 ./Core/Src/dma.o
                              0xc1ad9 (size before relaxing)
 .debug_str     0x000c5b3a       0x64 ./Core/Src/gpio.o
                              0xc17aa (size before relaxing)
 .debug_str     0x000c5b9e      0x258 ./Core/Src/main.o
                              0xc2210 (size before relaxing)
 .debug_str     0x000c5df6       0x2c ./Core/Src/stm32l4xx_hal_msp.o
                              0xc16df (size before relaxing)
 .debug_str     0x000c5e22      0x15d ./Core/Src/stm32l4xx_it.o
                              0xc1e5f (size before relaxing)
 .debug_str     0x000c5f7f       0xf2 ./Core/Src/system_stm32l4xx.o
                              0xc1518 (size before relaxing)
 .debug_str     0x000c6071      0x165 ./Core/Src/tim.o
                              0xc21a9 (size before relaxing)
 .debug_str     0x000c61d6      0x235 ./Core/Src/usart.o
                              0xc2222 (size before relaxing)
 .debug_str     0x000c640b       0x44 ./Core/Startup/startup_stm32l432kcux.o
                                 0x92 (size before relaxing)
 .debug_str     0x000c644f      0x56e ./Drivers/STM32L4xx_HAL_Driver/Src/stm32l4xx_hal.o
                              0xc1ea5 (size before relaxing)
 .debug_str     0x000c69bd      0x34b ./Drivers/STM32L4xx_HAL_Driver/Src/stm32l4xx_hal_cortex.o
                              0xc1c78 (size before relaxing)
 .debug_str     0x000c6d08      0x224 ./Drivers/STM32L4xx_HAL_Driver/Src/stm32l4xx_hal_dma.o
                              0xc177f (size before relaxing)
 .debug_str     0x000c6f2c      0x110 ./Drivers/STM32L4xx_HAL_Driver/Src/stm32l4xx_hal_gpio.o
                              0xc168c (size before relaxing)
 .debug_str     0x000c703c      0x44e ./Drivers/STM32L4xx_HAL_Driver/Src/stm32l4xx_hal_pwr_ex.o
                              0xc19c0 (size before relaxing)
 .debug_str     0x000c748a      0x38c ./Drivers/STM32L4xx_HAL_Driver/Src/stm32l4xx_hal_rcc.o
                              0xc1b18 (size before relaxing)
 .debug_str     0x000c7816      0x540 ./Drivers/STM32L4xx_HAL_Driver/Src/stm32l4xx_hal_rcc_ex.o
                              0xc1d78 (size before relaxing)
 .debug_str     0x000c7d56      0xdd3 ./Drivers/STM32L4xx_HAL_Driver/Src/stm32l4xx_hal_tim.o
                              0xc2855 (size before relaxing)
 .debug_str     0x000c8b29      0x588 ./Drivers/STM32L4xx_HAL_Driver/Src/stm32l4xx_hal_tim_ex.o
                              0xc2169 (size before relaxing)
 .debug_str     0x000c90b1      0x861 ./Drivers/STM32L4xx_HAL_Driver/Src/stm32l4xx_hal_uart.o
                              0xc2270 (size before relaxing)
 .debug_str     0x000c9912      0x1f7 ./Drivers/STM32L4xx_HAL_Driver/Src/stm32l4xx_hal_uart_ex.o
                              0xc1a99 (size before relaxing)

.comment        0x00000000       0x43
 .comment       0x00000000       0x43 ./Core/Src/CommandHandler.o
                                 0x44 (size before relaxing)
 .comment       0x00000043       0x44 ./Core/Src/CommandsConfig.o
 .comment       0x00000043       0x44 ./Core/Src/CommandsUtils.o
 .comment       0x00000043       0x44 ./Core/Src/Motors.o
 .comment       0x00000043       0x44 ./Core/Src/dma.o
 .comment       0x00000043       0x44 ./Core/Src/gpio.o
 .comment       0x00000043       0x44 ./Core/Src/main.o
 .comment       0x00000043       0x44 ./Core/Src/stm32l4xx_hal_msp.o
 .comment       0x00000043       0x44 ./Core/Src/stm32l4xx_it.o
 .comment       0x00000043       0x44 ./Core/Src/system_stm32l4xx.o
 .comment       0x00000043       0x44 ./Core/Src/tim.o
 .comment       0x00000043       0x44 ./Core/Src/usart.o
 .comment       0x00000043       0x44 ./Drivers/STM32L4xx_HAL_Driver/Src/stm32l4xx_hal.o
 .comment       0x00000043       0x44 ./Drivers/STM32L4xx_HAL_Driver/Src/stm32l4xx_hal_cortex.o
 .comment       0x00000043       0x44 ./Drivers/STM32L4xx_HAL_Driver/Src/stm32l4xx_hal_dma.o
 .comment       0x00000043       0x44 ./Drivers/STM32L4xx_HAL_Driver/Src/stm32l4xx_hal_gpio.o
 .comment       0x00000043       0x44 ./Drivers/STM32L4xx_HAL_Driver/Src/stm32l4xx_hal_pwr_ex.o
 .comment       0x00000043       0x44 ./Drivers/STM32L4xx_HAL_Driver/Src/stm32l4xx_hal_rcc.o
 .comment       0x00000043       0x44 ./Drivers/STM32L4xx_HAL_Driver/Src/stm32l4xx_hal_rcc_ex.o
 .comment       0x00000043       0x44 ./Drivers/STM32L4xx_HAL_Driver/Src/stm32l4xx_hal_tim.o
 .comment       0x00000043       0x44 ./Drivers/STM32L4xx_HAL_Driver/Src/stm32l4xx_hal_tim_ex.o
 .comment       0x00000043       0x44 ./Drivers/STM32L4xx_HAL_Driver/Src/stm32l4xx_hal_uart.o
 .comment       0x00000043       0x44 ./Drivers/STM32L4xx_HAL_Driver/Src/stm32l4xx_hal_uart_ex.o

.debug_frame    0x00000000     0x4504
 .debug_frame   0x00000000       0xa4 ./Core/Src/CommandHandler.o
 .debug_frame   0x000000a4      0x118 ./Core/Src/CommandsConfig.o
 .debug_frame   0x000001bc      0x140 ./Core/Src/CommandsUtils.o
 .debug_frame   0x000002fc      0x10c ./Core/Src/Motors.o
 .debug_frame   0x00000408       0x34 ./Core/Src/dma.o
 .debug_frame   0x0000043c       0x34 ./Core/Src/gpio.o
 .debug_frame   0x00000470       0xb4 ./Core/Src/main.o
 .debug_frame   0x00000524       0x38 ./Core/Src/stm32l4xx_hal_msp.o
 .debug_frame   0x0000055c      0x190 ./Core/Src/stm32l4xx_it.o
 .debug_frame   0x000006ec       0x58 ./Core/Src/system_stm32l4xx.o
 .debug_frame   0x00000744       0xc4 ./Core/Src/tim.o
 .debug_frame   0x00000808       0x78 ./Core/Src/usart.o
 .debug_frame   0x00000880      0x3dc ./Drivers/STM32L4xx_HAL_Driver/Src/stm32l4xx_hal.o
 .debug_frame   0x00000c5c      0x4e8 ./Drivers/STM32L4xx_HAL_Driver/Src/stm32l4xx_hal_cortex.o
 .debug_frame   0x00001144      0x204 ./Drivers/STM32L4xx_HAL_Driver/Src/stm32l4xx_hal_dma.o
 .debug_frame   0x00001348      0x14c ./Drivers/STM32L4xx_HAL_Driver/Src/stm32l4xx_hal_gpio.o
 .debug_frame   0x00001494      0x4a4 ./Drivers/STM32L4xx_HAL_Driver/Src/stm32l4xx_hal_pwr_ex.o
 .debug_frame   0x00001938      0x21c ./Drivers/STM32L4xx_HAL_Driver/Src/stm32l4xx_hal_rcc.o
 .debug_frame   0x00001b54      0x3d0 ./Drivers/STM32L4xx_HAL_Driver/Src/stm32l4xx_hal_rcc_ex.o
 .debug_frame   0x00001f24     0x121c ./Drivers/STM32L4xx_HAL_Driver/Src/stm32l4xx_hal_tim.o
 .debug_frame   0x00003140      0x6b0 ./Drivers/STM32L4xx_HAL_Driver/Src/stm32l4xx_hal_tim_ex.o
 .debug_frame   0x000037f0      0x9f4 ./Drivers/STM32L4xx_HAL_Driver/Src/stm32l4xx_hal_uart.o
 .debug_frame   0x000041e4      0x204 ./Drivers/STM32L4xx_HAL_Driver/Src/stm32l4xx_hal_uart_ex.o
 .debug_frame   0x000043e8       0x20 C:/ST/STM32CubeIDE_1.16.0/STM32CubeIDE/plugins/com.st.stm32cube.ide.mcu.externaltools.gnu-tools-for-stm32.12.3.rel1.win32_1.0.200.202406191623/tools/bin/../lib/gcc/arm-none-eabi/12.3.1/../../../../arm-none-eabi/lib/thumb/v7e-m+fp/hard\libc_nano.a(libc_a-memset.o)
 .debug_frame   0x00004408       0x28 C:/ST/STM32CubeIDE_1.16.0/STM32CubeIDE/plugins/com.st.stm32cube.ide.mcu.externaltools.gnu-tools-for-stm32.12.3.rel1.win32_1.0.200.202406191623/tools/bin/../lib/gcc/arm-none-eabi/12.3.1/../../../../arm-none-eabi/lib/thumb/v7e-m+fp/hard\libc_nano.a(libc_a-strncpy.o)
 .debug_frame   0x00004430       0x2c C:/ST/STM32CubeIDE_1.16.0/STM32CubeIDE/plugins/com.st.stm32cube.ide.mcu.externaltools.gnu-tools-for-stm32.12.3.rel1.win32_1.0.200.202406191623/tools/bin/../lib/gcc/arm-none-eabi/12.3.1/../../../../arm-none-eabi/lib/thumb/v7e-m+fp/hard\libc_nano.a(libc_a-init.o)
 .debug_frame   0x0000445c       0x20 C:/ST/STM32CubeIDE_1.16.0/STM32CubeIDE/plugins/com.st.stm32cube.ide.mcu.externaltools.gnu-tools-for-stm32.12.3.rel1.win32_1.0.200.202406191623/tools/bin/../lib/gcc/arm-none-eabi/12.3.1/../../../../arm-none-eabi/lib/thumb/v7e-m+fp/hard\libc_nano.a(libc_a-strcmp.o)
 .debug_frame   0x0000447c       0x28 C:/ST/STM32CubeIDE_1.16.0/STM32CubeIDE/plugins/com.st.stm32cube.ide.mcu.externaltools.gnu-tools-for-stm32.12.3.rel1.win32_1.0.200.202406191623/tools/bin/../lib/gcc/arm-none-eabi/12.3.1/../../../../arm-none-eabi/lib/thumb/v7e-m+fp/hard\libc_nano.a(libc_a-memcpy-stub.o)
 .debug_frame   0x000044a4       0x2c C:/ST/STM32CubeIDE_1.16.0/STM32CubeIDE/plugins/com.st.stm32cube.ide.mcu.externaltools.gnu-tools-for-stm32.12.3.rel1.win32_1.0.200.202406191623/tools/bin/../lib/gcc/arm-none-eabi/12.3.1/thumb/v7e-m+fp/hard\libgcc.a(_aeabi_uldivmod.o)
 .debug_frame   0x000044d0       0x34 C:/ST/STM32CubeIDE_1.16.0/STM32CubeIDE/plugins/com.st.stm32cube.ide.mcu.externaltools.gnu-tools-for-stm32.12.3.rel1.win32_1.0.200.202406191623/tools/bin/../lib/gcc/arm-none-eabi/12.3.1/thumb/v7e-m+fp/hard\libgcc.a(_udivmoddi4.o)

.debug_line_str
                0x00000000       0x76
 .debug_line_str
                0x00000000       0x76 ./Core/Startup/startup_stm32l432kcux.o
